Nov 17 09:48:51 debian mtp-probe: checking bus 2, device 2: "/sys/devices/pci0000:00/0000:00:11.0/0000:02:00.0/usb2/2-1"
Nov 17 09:48:51 debian mtp-probe: bus: 2, device: 2 was not an MTP device
Nov 17 09:48:51 debian VGAuthService[597]: Pref_Init: Using '/etc/vmware-tools/vgauth.conf' as preferences filepath
Nov 17 09:48:51 debian VGAuthService[597]: Core dump limit set to -1
Nov 17 09:48:51 debian VGAuthService[597]: INIT SERVICE
Nov 17 09:48:51 debian VGAuthService[597]: Using '/var/lib/vmware/VGAuth/aliasStore' for alias store root directory
Nov 17 09:48:51 debian VGAuthService[597]: LoadCatalogAndSchema: Using '/etc/vmware-tools/vgauth/schemas' for SAML schemas
Nov 17 09:48:51 debian VGAuthService[597]: LoadPrefs: Allowing 300 of clock skew for SAML date validation
Nov 17 09:48:51 debian VGAuthService[597]: SAML_Init: Using xmlsec1 1.2.31 for XML signature support
Nov 17 09:48:51 debian VGAuthService[597]: ServiceNetworkCreateSocketDir: Created socket directory '/var/run/vmware'
Nov 17 09:48:51 debian VGAuthService[597]: BEGIN SERVICE
Nov 17 09:48:51 debian rsyslogd: imuxsock: Acquired UNIX socket '/run/systemd/journal/syslog' (fd 3) from systemd.  [v8.2102.0]
Nov 17 09:48:51 debian rsyslogd: [origin software="rsyslogd" swVersion="8.2102.0" x-pid="619" x-info="https://www.rsyslog.com"] start
Nov 17 09:48:51 debian kernel: [    0.000000] Linux version 5.10.0-15-amd64 (debian-kernel@lists.debian.org) (gcc-10 (Debian 10.2.1-6) 10.2.1 20210110, GNU ld (GNU Binutils for Debian) 2.35.2) #1 SMP Debian 5.10.120-1 (2022-06-09)
Nov 17 09:48:51 debian kernel: [    0.000000] Command line: BOOT_IMAGE=/boot/vmlinuz-5.10.0-15-amd64 root=UUID=fed6ffff-2ad6-4f05-834b-97ab98ce5ccd ro quiet
Nov 17 09:48:51 debian kernel: [    0.000000] [Firmware Bug]: TSC doesn't count with P0 frequency!
Nov 17 09:48:51 debian kernel: [    0.000000] x86/fpu: Supporting XSAVE feature 0x001: 'x87 floating point registers'
Nov 17 09:48:51 debian kernel: [    0.000000] x86/fpu: Supporting XSAVE feature 0x002: 'SSE registers'
Nov 17 09:48:51 debian kernel: [    0.000000] x86/fpu: Supporting XSAVE feature 0x004: 'AVX registers'
Nov 17 09:48:51 debian kernel: [    0.000000] x86/fpu: xstate_offset[2]:  576, xstate_sizes[2]:  256
Nov 17 09:48:51 debian kernel: [    0.000000] x86/fpu: Enabled xstate features 0x7, context size is 832 bytes, using 'compacted' format.
Nov 17 09:48:51 debian kernel: [    0.000000] BIOS-provided physical RAM map:
Nov 17 09:48:51 debian kernel: [    0.000000] BIOS-e820: [mem 0x0000000000000000-0x000000000009ebff] usable
Nov 17 09:48:51 debian kernel: [    0.000000] BIOS-e820: [mem 0x000000000009ec00-0x000000000009ffff] reserved
Nov 17 09:48:51 debian kernel: [    0.000000] BIOS-e820: [mem 0x00000000000dc000-0x00000000000fffff] reserved
Nov 17 09:48:51 debian kernel: [    0.000000] BIOS-e820: [mem 0x0000000000100000-0x00000000bfedffff] usable
Nov 17 09:48:51 debian kernel: [    0.000000] BIOS-e820: [mem 0x00000000bfee0000-0x00000000bfefefff] ACPI data
Nov 17 09:48:51 debian kernel: [    0.000000] BIOS-e820: [mem 0x00000000bfeff000-0x00000000bfefffff] ACPI NVS
Nov 17 09:48:51 debian kernel: [    0.000000] BIOS-e820: [mem 0x00000000bff00000-0x00000000bfffffff] usable
Nov 17 09:48:51 debian kernel: [    0.000000] BIOS-e820: [mem 0x00000000f0000000-0x00000000f7ffffff] reserved
Nov 17 09:48:51 debian kernel: [    0.000000] BIOS-e820: [mem 0x00000000fec00000-0x00000000fec0ffff] reserved
Nov 17 09:48:51 debian kernel: [    0.000000] BIOS-e820: [mem 0x00000000fee00000-0x00000000fee00fff] reserved
Nov 17 09:48:51 debian kernel: [    0.000000] BIOS-e820: [mem 0x00000000fffe0000-0x00000000ffffffff] reserved
Nov 17 09:48:51 debian kernel: [    0.000000] BIOS-e820: [mem 0x0000000100000000-0x00000001663fffff] usable
Nov 17 09:48:51 debian kernel: [    0.000000] NX (Execute Disable) protection: active
Nov 17 09:48:51 debian kernel: [    0.000000] SMBIOS 2.7 present.
Nov 17 09:48:51 debian kernel: [    0.000000] DMI: VMware, Inc. VMware Virtual Platform/440BX Desktop Reference Platform, BIOS 6.00 11/12/2020
Nov 17 09:48:51 debian kernel: [    0.000000] vmware: hypercall mode: 0x01
Nov 17 09:48:51 debian kernel: [    0.000000] Hypervisor detected: VMware
Nov 17 09:48:51 debian kernel: [    0.000000] vmware: TSC freq read from hypervisor : 3700.118 MHz
Nov 17 09:48:51 debian kernel: [    0.000000] vmware: Host bus clock speed read from hypervisor : 66000000 Hz
Nov 17 09:48:51 debian kernel: [    0.000000] vmware: using clock offset of 27932853720 ns
Nov 17 09:48:51 debian kernel: [    0.000019] tsc: Detected 3700.118 MHz processor
Nov 17 09:48:51 debian kernel: [    0.001462] last_pfn = 0x166400 max_arch_pfn = 0x400000000
Nov 17 09:48:51 debian kernel: [    0.001544] x86/PAT: Configuration [0-7]: WB  WC  UC- UC  WB  WP  UC- WT  
Nov 17 09:48:51 debian kernel: [    0.001561] last_pfn = 0xc0000 max_arch_pfn = 0x400000000
Nov 17 09:48:51 debian kernel: [    0.003740] found SMP MP-table at [mem 0x000f6a70-0x000f6a7f]
Nov 17 09:48:51 debian kernel: [    0.052079] Using GB pages for direct mapping
Nov 17 09:48:51 debian kernel: [    0.052260] RAMDISK: [mem 0x33043000-0x35818fff]
Nov 17 09:48:51 debian kernel: [    0.052264] ACPI: Early table checksum verification disabled
Nov 17 09:48:51 debian kernel: [    0.052268] ACPI: RSDP 0x00000000000F6A00 000024 (v02 PTLTD )
Nov 17 09:48:51 debian kernel: [    0.052271] ACPI: XSDT 0x00000000BFEEA65B 00005C (v01 INTEL  440BX    06040000 VMW  01324272)
Nov 17 09:48:51 debian kernel: [    0.052275] ACPI: FACP 0x00000000BFEFEE73 0000F4 (v04 INTEL  440BX    06040000 PTL  000F4240)
Nov 17 09:48:51 debian kernel: [    0.052278] ACPI: DSDT 0x00000000BFEEB7E9 01368A (v01 PTLTD  Custom   06040000 MSFT 03000001)
Nov 17 09:48:51 debian kernel: [    0.052297] ACPI: FACS 0x00000000BFEFFFC0 000040
Nov 17 09:48:51 debian kernel: [    0.052300] ACPI: FACS 0x00000000BFEFFFC0 000040
Nov 17 09:48:51 debian kernel: [    0.052302] ACPI: BOOT 0x00000000BFEEB7C1 000028 (v01 PTLTD  $SBFTBL$ 06040000  LTP 00000001)
Nov 17 09:48:51 debian kernel: [    0.052304] ACPI: APIC 0x00000000BFEEB07F 000742 (v01 PTLTD  ? APIC   06040000  LTP 00000000)
Nov 17 09:48:51 debian kernel: [    0.052306] ACPI: MCFG 0x00000000BFEEB043 00003C (v01 PTLTD  $PCITBL$ 06040000  LTP 00000001)
Nov 17 09:48:51 debian kernel: [    0.052307] ACPI: SRAT 0x00000000BFEEA757 0008A8 (v02 VMWARE MEMPLUG  06040000 VMW  00000001)
Nov 17 09:48:51 debian kernel: [    0.052309] ACPI: HPET 0x00000000BFEEA71F 000038 (v01 VMWARE VMW HPET 06040000 VMW  00000001)
Nov 17 09:48:51 debian kernel: [    0.052311] ACPI: WAET 0x00000000BFEEA6F7 000028 (v01 VMWARE VMW WAET 06040000 VMW  00000001)
Nov 17 09:48:51 debian kernel: [    0.052313] ACPI: Reserving FACP table memory at [mem 0xbfefee73-0xbfefef66]
Nov 17 09:48:51 debian kernel: [    0.052314] ACPI: Reserving DSDT table memory at [mem 0xbfeeb7e9-0xbfefee72]
Nov 17 09:48:51 debian kernel: [    0.052314] ACPI: Reserving FACS table memory at [mem 0xbfefffc0-0xbfefffff]
Nov 17 09:48:51 debian kernel: [    0.052315] ACPI: Reserving FACS table memory at [mem 0xbfefffc0-0xbfefffff]
Nov 17 09:48:51 debian kernel: [    0.052315] ACPI: Reserving BOOT table memory at [mem 0xbfeeb7c1-0xbfeeb7e8]
Nov 17 09:48:51 debian kernel: [    0.052316] ACPI: Reserving APIC table memory at [mem 0xbfeeb07f-0xbfeeb7c0]
Nov 17 09:48:51 debian kernel: [    0.052316] ACPI: Reserving MCFG table memory at [mem 0xbfeeb043-0xbfeeb07e]
Nov 17 09:48:51 debian kernel: [    0.052317] ACPI: Reserving SRAT table memory at [mem 0xbfeea757-0xbfeeaffe]
Nov 17 09:48:51 debian kernel: [    0.052317] ACPI: Reserving HPET table memory at [mem 0xbfeea71f-0xbfeea756]
Nov 17 09:48:51 debian kernel: [    0.052318] ACPI: Reserving WAET table memory at [mem 0xbfeea6f7-0xbfeea71e]
Nov 17 09:48:51 debian kernel: [    0.052359] Setting APIC routing to physical flat.
Nov 17 09:48:51 debian kernel: [    0.052408] SRAT: PXM 0 -> APIC 0x00 -> Node 0
Nov 17 09:48:51 debian kernel: [    0.052409] SRAT: PXM 0 -> APIC 0x02 -> Node 0
Nov 17 09:48:51 debian kernel: [    0.052410] SRAT: PXM 0 -> APIC 0x04 -> Node 0
Nov 17 09:48:51 debian kernel: [    0.052410] SRAT: PXM 0 -> APIC 0x06 -> Node 0
Nov 17 09:48:51 debian kernel: [    0.052411] SRAT: PXM 0 -> APIC 0x08 -> Node 0
Nov 17 09:48:51 debian kernel: [    0.052411] SRAT: PXM 0 -> APIC 0x0a -> Node 0
Nov 17 09:48:51 debian kernel: [    0.052411] SRAT: PXM 0 -> APIC 0x0c -> Node 0
Nov 17 09:48:51 debian kernel: [    0.052412] SRAT: PXM 0 -> APIC 0x0e -> Node 0
Nov 17 09:48:51 debian kernel: [    0.052412] SRAT: PXM 0 -> APIC 0x10 -> Node 0
Nov 17 09:48:51 debian kernel: [    0.052413] SRAT: PXM 0 -> APIC 0x12 -> Node 0
Nov 17 09:48:51 debian kernel: [    0.052413] SRAT: PXM 0 -> APIC 0x14 -> Node 0
Nov 17 09:48:51 debian kernel: [    0.052413] SRAT: PXM 0 -> APIC 0x16 -> Node 0
Nov 17 09:48:51 debian kernel: [    0.052414] SRAT: PXM 0 -> APIC 0x18 -> Node 0
Nov 17 09:48:51 debian kernel: [    0.052414] SRAT: PXM 0 -> APIC 0x1a -> Node 0
Nov 17 09:48:51 debian kernel: [    0.052414] SRAT: PXM 0 -> APIC 0x1c -> Node 0
Nov 17 09:48:51 debian kernel: [    0.052415] SRAT: PXM 0 -> APIC 0x1e -> Node 0
Nov 17 09:48:51 debian kernel: [    0.052415] SRAT: PXM 0 -> APIC 0x20 -> Node 0
Nov 17 09:48:51 debian kernel: [    0.052416] SRAT: PXM 0 -> APIC 0x22 -> Node 0
Nov 17 09:48:51 debian kernel: [    0.052416] SRAT: PXM 0 -> APIC 0x24 -> Node 0
Nov 17 09:48:51 debian kernel: [    0.052416] SRAT: PXM 0 -> APIC 0x26 -> Node 0
Nov 17 09:48:51 debian kernel: [    0.052417] SRAT: PXM 0 -> APIC 0x28 -> Node 0
Nov 17 09:48:51 debian kernel: [    0.052417] SRAT: PXM 0 -> APIC 0x2a -> Node 0
Nov 17 09:48:51 debian kernel: [    0.052418] SRAT: PXM 0 -> APIC 0x2c -> Node 0
Nov 17 09:48:51 debian kernel: [    0.052418] SRAT: PXM 0 -> APIC 0x2e -> Node 0
Nov 17 09:48:51 debian kernel: [    0.052418] SRAT: PXM 0 -> APIC 0x30 -> Node 0
Nov 17 09:48:51 debian kernel: [    0.052419] SRAT: PXM 0 -> APIC 0x32 -> Node 0
Nov 17 09:48:51 debian kernel: [    0.052419] SRAT: PXM 0 -> APIC 0x34 -> Node 0
Nov 17 09:48:51 debian kernel: [    0.052419] SRAT: PXM 0 -> APIC 0x36 -> Node 0
Nov 17 09:48:51 debian kernel: [    0.052420] SRAT: PXM 0 -> APIC 0x38 -> Node 0
Nov 17 09:48:51 debian kernel: [    0.052420] SRAT: PXM 0 -> APIC 0x3a -> Node 0
Nov 17 09:48:51 debian kernel: [    0.052421] SRAT: PXM 0 -> APIC 0x3c -> Node 0
Nov 17 09:48:51 debian kernel: [    0.052421] SRAT: PXM 0 -> APIC 0x3e -> Node 0
Nov 17 09:48:51 debian kernel: [    0.052421] SRAT: PXM 0 -> APIC 0x40 -> Node 0
Nov 17 09:48:51 debian kernel: [    0.052422] SRAT: PXM 0 -> APIC 0x42 -> Node 0
Nov 17 09:48:51 debian kernel: [    0.052422] SRAT: PXM 0 -> APIC 0x44 -> Node 0
Nov 17 09:48:51 debian kernel: [    0.052422] SRAT: PXM 0 -> APIC 0x46 -> Node 0
Nov 17 09:48:51 debian kernel: [    0.052423] SRAT: PXM 0 -> APIC 0x48 -> Node 0
Nov 17 09:48:51 debian kernel: [    0.052423] SRAT: PXM 0 -> APIC 0x4a -> Node 0
Nov 17 09:48:51 debian kernel: [    0.052424] SRAT: PXM 0 -> APIC 0x4c -> Node 0
Nov 17 09:48:51 debian kernel: [    0.052424] SRAT: PXM 0 -> APIC 0x4e -> Node 0
Nov 17 09:48:51 debian kernel: [    0.052424] SRAT: PXM 0 -> APIC 0x50 -> Node 0
Nov 17 09:48:51 debian kernel: [    0.052425] SRAT: PXM 0 -> APIC 0x52 -> Node 0
Nov 17 09:48:51 debian kernel: [    0.052425] SRAT: PXM 0 -> APIC 0x54 -> Node 0
Nov 17 09:48:51 debian kernel: [    0.052426] SRAT: PXM 0 -> APIC 0x56 -> Node 0
Nov 17 09:48:51 debian kernel: [    0.052426] SRAT: PXM 0 -> APIC 0x58 -> Node 0
Nov 17 09:48:51 debian kernel: [    0.052426] SRAT: PXM 0 -> APIC 0x5a -> Node 0
Nov 17 09:48:51 debian kernel: [    0.052427] SRAT: PXM 0 -> APIC 0x5c -> Node 0
Nov 17 09:48:51 debian kernel: [    0.052427] SRAT: PXM 0 -> APIC 0x5e -> Node 0
Nov 17 09:48:51 debian kernel: [    0.052427] SRAT: PXM 0 -> APIC 0x60 -> Node 0
Nov 17 09:48:51 debian kernel: [    0.052428] SRAT: PXM 0 -> APIC 0x62 -> Node 0
Nov 17 09:48:51 debian kernel: [    0.052428] SRAT: PXM 0 -> APIC 0x64 -> Node 0
Nov 17 09:48:51 debian kernel: [    0.052429] SRAT: PXM 0 -> APIC 0x66 -> Node 0
Nov 17 09:48:51 debian kernel: [    0.052429] SRAT: PXM 0 -> APIC 0x68 -> Node 0
Nov 17 09:48:51 debian kernel: [    0.052429] SRAT: PXM 0 -> APIC 0x6a -> Node 0
Nov 17 09:48:51 debian kernel: [    0.052430] SRAT: PXM 0 -> APIC 0x6c -> Node 0
Nov 17 09:48:51 debian kernel: [    0.052430] SRAT: PXM 0 -> APIC 0x6e -> Node 0
Nov 17 09:48:51 debian kernel: [    0.052431] SRAT: PXM 0 -> APIC 0x70 -> Node 0
Nov 17 09:48:51 debian kernel: [    0.052431] SRAT: PXM 0 -> APIC 0x72 -> Node 0
Nov 17 09:48:51 debian kernel: [    0.052431] SRAT: PXM 0 -> APIC 0x74 -> Node 0
Nov 17 09:48:51 debian kernel: [    0.052432] SRAT: PXM 0 -> APIC 0x76 -> Node 0
Nov 17 09:48:51 debian kernel: [    0.052432] SRAT: PXM 0 -> APIC 0x78 -> Node 0
Nov 17 09:48:51 debian kernel: [    0.052432] SRAT: PXM 0 -> APIC 0x7a -> Node 0
Nov 17 09:48:51 debian kernel: [    0.052433] SRAT: PXM 0 -> APIC 0x7c -> Node 0
Nov 17 09:48:51 debian kernel: [    0.052433] SRAT: PXM 0 -> APIC 0x7e -> Node 0
Nov 17 09:48:51 debian kernel: [    0.052434] SRAT: PXM 0 -> APIC 0x80 -> Node 0
Nov 17 09:48:51 debian kernel: [    0.052434] SRAT: PXM 0 -> APIC 0x82 -> Node 0
Nov 17 09:48:51 debian kernel: [    0.052434] SRAT: PXM 0 -> APIC 0x84 -> Node 0
Nov 17 09:48:51 debian kernel: [    0.052435] SRAT: PXM 0 -> APIC 0x86 -> Node 0
Nov 17 09:48:51 debian kernel: [    0.052435] SRAT: PXM 0 -> APIC 0x88 -> Node 0
Nov 17 09:48:51 debian kernel: [    0.052435] SRAT: PXM 0 -> APIC 0x8a -> Node 0
Nov 17 09:48:51 debian kernel: [    0.052436] SRAT: PXM 0 -> APIC 0x8c -> Node 0
Nov 17 09:48:51 debian kernel: [    0.052436] SRAT: PXM 0 -> APIC 0x8e -> Node 0
Nov 17 09:48:51 debian kernel: [    0.052437] SRAT: PXM 0 -> APIC 0x90 -> Node 0
Nov 17 09:48:51 debian kernel: [    0.052437] SRAT: PXM 0 -> APIC 0x92 -> Node 0
Nov 17 09:48:51 debian kernel: [    0.052437] SRAT: PXM 0 -> APIC 0x94 -> Node 0
Nov 17 09:48:51 debian kernel: [    0.052438] SRAT: PXM 0 -> APIC 0x96 -> Node 0
Nov 17 09:48:51 debian kernel: [    0.052438] SRAT: PXM 0 -> APIC 0x98 -> Node 0
Nov 17 09:48:51 debian kernel: [    0.052439] SRAT: PXM 0 -> APIC 0x9a -> Node 0
Nov 17 09:48:51 debian kernel: [    0.052439] SRAT: PXM 0 -> APIC 0x9c -> Node 0
Nov 17 09:48:51 debian kernel: [    0.052439] SRAT: PXM 0 -> APIC 0x9e -> Node 0
Nov 17 09:48:51 debian kernel: [    0.052440] SRAT: PXM 0 -> APIC 0xa0 -> Node 0
Nov 17 09:48:51 debian kernel: [    0.052440] SRAT: PXM 0 -> APIC 0xa2 -> Node 0
Nov 17 09:48:51 debian kernel: [    0.052440] SRAT: PXM 0 -> APIC 0xa4 -> Node 0
Nov 17 09:48:51 debian kernel: [    0.052441] SRAT: PXM 0 -> APIC 0xa6 -> Node 0
Nov 17 09:48:51 debian kernel: [    0.052441] SRAT: PXM 0 -> APIC 0xa8 -> Node 0
Nov 17 09:48:51 debian kernel: [    0.052442] SRAT: PXM 0 -> APIC 0xaa -> Node 0
Nov 17 09:48:51 debian kernel: [    0.052442] SRAT: PXM 0 -> APIC 0xac -> Node 0
Nov 17 09:48:51 debian kernel: [    0.052442] SRAT: PXM 0 -> APIC 0xae -> Node 0
Nov 17 09:48:51 debian kernel: [    0.052443] SRAT: PXM 0 -> APIC 0xb0 -> Node 0
Nov 17 09:48:51 debian kernel: [    0.052443] SRAT: PXM 0 -> APIC 0xb2 -> Node 0
Nov 17 09:48:51 debian kernel: [    0.052444] SRAT: PXM 0 -> APIC 0xb4 -> Node 0
Nov 17 09:48:51 debian kernel: [    0.052444] SRAT: PXM 0 -> APIC 0xb6 -> Node 0
Nov 17 09:48:51 debian kernel: [    0.052444] SRAT: PXM 0 -> APIC 0xb8 -> Node 0
Nov 17 09:48:51 debian kernel: [    0.052445] SRAT: PXM 0 -> APIC 0xba -> Node 0
Nov 17 09:48:51 debian kernel: [    0.052445] SRAT: PXM 0 -> APIC 0xbc -> Node 0
Nov 17 09:48:51 debian kernel: [    0.052445] SRAT: PXM 0 -> APIC 0xbe -> Node 0
Nov 17 09:48:51 debian kernel: [    0.052446] SRAT: PXM 0 -> APIC 0xc0 -> Node 0
Nov 17 09:48:51 debian kernel: [    0.052446] SRAT: PXM 0 -> APIC 0xc2 -> Node 0
Nov 17 09:48:51 debian kernel: [    0.052447] SRAT: PXM 0 -> APIC 0xc4 -> Node 0
Nov 17 09:48:51 debian kernel: [    0.052447] SRAT: PXM 0 -> APIC 0xc6 -> Node 0
Nov 17 09:48:51 debian kernel: [    0.052447] SRAT: PXM 0 -> APIC 0xc8 -> Node 0
Nov 17 09:48:51 debian kernel: [    0.052448] SRAT: PXM 0 -> APIC 0xca -> Node 0
Nov 17 09:48:51 debian kernel: [    0.052448] SRAT: PXM 0 -> APIC 0xcc -> Node 0
Nov 17 09:48:51 debian kernel: [    0.052448] SRAT: PXM 0 -> APIC 0xce -> Node 0
Nov 17 09:48:51 debian kernel: [    0.052449] SRAT: PXM 0 -> APIC 0xd0 -> Node 0
Nov 17 09:48:51 debian kernel: [    0.052449] SRAT: PXM 0 -> APIC 0xd2 -> Node 0
Nov 17 09:48:51 debian kernel: [    0.052450] SRAT: PXM 0 -> APIC 0xd4 -> Node 0
Nov 17 09:48:51 debian kernel: [    0.052450] SRAT: PXM 0 -> APIC 0xd6 -> Node 0
Nov 17 09:48:51 debian kernel: [    0.052450] SRAT: PXM 0 -> APIC 0xd8 -> Node 0
Nov 17 09:48:51 debian kernel: [    0.052451] SRAT: PXM 0 -> APIC 0xda -> Node 0
Nov 17 09:48:51 debian kernel: [    0.052451] SRAT: PXM 0 -> APIC 0xdc -> Node 0
Nov 17 09:48:51 debian kernel: [    0.052452] SRAT: PXM 0 -> APIC 0xde -> Node 0
Nov 17 09:48:51 debian kernel: [    0.052452] SRAT: PXM 0 -> APIC 0xe0 -> Node 0
Nov 17 09:48:51 debian kernel: [    0.052452] SRAT: PXM 0 -> APIC 0xe2 -> Node 0
Nov 17 09:48:51 debian kernel: [    0.052453] SRAT: PXM 0 -> APIC 0xe4 -> Node 0
Nov 17 09:48:51 debian kernel: [    0.052453] SRAT: PXM 0 -> APIC 0xe6 -> Node 0
Nov 17 09:48:51 debian kernel: [    0.052453] SRAT: PXM 0 -> APIC 0xe8 -> Node 0
Nov 17 09:48:51 debian kernel: [    0.052454] SRAT: PXM 0 -> APIC 0xea -> Node 0
Nov 17 09:48:51 debian kernel: [    0.052454] SRAT: PXM 0 -> APIC 0xec -> Node 0
Nov 17 09:48:51 debian kernel: [    0.052455] SRAT: PXM 0 -> APIC 0xee -> Node 0
Nov 17 09:48:51 debian kernel: [    0.052455] SRAT: PXM 0 -> APIC 0xf0 -> Node 0
Nov 17 09:48:51 debian kernel: [    0.052455] SRAT: PXM 0 -> APIC 0xf2 -> Node 0
Nov 17 09:48:51 debian kernel: [    0.052456] SRAT: PXM 0 -> APIC 0xf4 -> Node 0
Nov 17 09:48:51 debian kernel: [    0.052456] SRAT: PXM 0 -> APIC 0xf6 -> Node 0
Nov 17 09:48:51 debian kernel: [    0.052457] SRAT: PXM 0 -> APIC 0xf8 -> Node 0
Nov 17 09:48:51 debian kernel: [    0.052457] SRAT: PXM 0 -> APIC 0xfa -> Node 0
Nov 17 09:48:51 debian kernel: [    0.052457] SRAT: PXM 0 -> APIC 0xfc -> Node 0
Nov 17 09:48:51 debian kernel: [    0.052458] SRAT: PXM 0 -> APIC 0xfe -> Node 0
Nov 17 09:48:51 debian kernel: [    0.052460] ACPI: SRAT: Node 0 PXM 0 [mem 0x00000000-0x0009ffff]
Nov 17 09:48:51 debian kernel: [    0.052461] ACPI: SRAT: Node 0 PXM 0 [mem 0x00100000-0xbfffffff]
Nov 17 09:48:51 debian kernel: [    0.052461] ACPI: SRAT: Node 0 PXM 0 [mem 0x100000000-0x1663fffff]
Nov 17 09:48:51 debian kernel: [    0.052463] NUMA: Node 0 [mem 0x00000000-0x0009ffff] + [mem 0x00100000-0xbfffffff] -> [mem 0x00000000-0xbfffffff]
Nov 17 09:48:51 debian kernel: [    0.052463] NUMA: Node 0 [mem 0x00000000-0xbfffffff] + [mem 0x100000000-0x1663fffff] -> [mem 0x00000000-0x1663fffff]
Nov 17 09:48:51 debian kernel: [    0.052470] NODE_DATA(0) allocated [mem 0x1663d4000-0x1663fdfff]
Nov 17 09:48:51 debian kernel: [    0.053588] Zone ranges:
Nov 17 09:48:51 debian kernel: [    0.053590]   DMA      [mem 0x0000000000001000-0x0000000000ffffff]
Nov 17 09:48:51 debian kernel: [    0.053591]   DMA32    [mem 0x0000000001000000-0x00000000ffffffff]
Nov 17 09:48:51 debian kernel: [    0.053592]   Normal   [mem 0x0000000100000000-0x00000001663fffff]
Nov 17 09:48:51 debian kernel: [    0.053592]   Device   empty
Nov 17 09:48:51 debian kernel: [    0.053593] Movable zone start for each node
Nov 17 09:48:51 debian kernel: [    0.053595] Early memory node ranges
Nov 17 09:48:51 debian kernel: [    0.053596]   node   0: [mem 0x0000000000001000-0x000000000009dfff]
Nov 17 09:48:51 debian kernel: [    0.053597]   node   0: [mem 0x0000000000100000-0x00000000bfedffff]
Nov 17 09:48:51 debian kernel: [    0.053597]   node   0: [mem 0x00000000bff00000-0x00000000bfffffff]
Nov 17 09:48:51 debian kernel: [    0.053598]   node   0: [mem 0x0000000100000000-0x00000001663fffff]
Nov 17 09:48:51 debian kernel: [    0.053599] Initmem setup node 0 [mem 0x0000000000001000-0x00000001663fffff]
Nov 17 09:48:51 debian kernel: [    0.053671] On node 0, zone DMA: 1 pages in unavailable ranges
Nov 17 09:48:51 debian kernel: [    0.054678] On node 0, zone DMA: 98 pages in unavailable ranges
Nov 17 09:48:51 debian kernel: [    0.250505] On node 0, zone DMA32: 32 pages in unavailable ranges
Nov 17 09:48:51 debian kernel: [    0.260875] On node 0, zone Normal: 7168 pages in unavailable ranges
Nov 17 09:48:51 debian kernel: [    0.274331] ACPI: PM-Timer IO Port: 0x1008
Nov 17 09:48:51 debian kernel: [    0.274345] ACPI: LAPIC_NMI (acpi_id[0x00] high edge lint[0x1])
Nov 17 09:48:51 debian kernel: [    0.274346] ACPI: LAPIC_NMI (acpi_id[0x01] high edge lint[0x1])
Nov 17 09:48:51 debian kernel: [    0.274346] ACPI: LAPIC_NMI (acpi_id[0x02] high edge lint[0x1])
Nov 17 09:48:51 debian kernel: [    0.274346] ACPI: LAPIC_NMI (acpi_id[0x03] high edge lint[0x1])
Nov 17 09:48:51 debian kernel: [    0.274347] ACPI: LAPIC_NMI (acpi_id[0x04] high edge lint[0x1])
Nov 17 09:48:51 debian kernel: [    0.274347] ACPI: LAPIC_NMI (acpi_id[0x05] high edge lint[0x1])
Nov 17 09:48:51 debian kernel: [    0.274348] ACPI: LAPIC_NMI (acpi_id[0x06] high edge lint[0x1])
Nov 17 09:48:51 debian kernel: [    0.274348] ACPI: LAPIC_NMI (acpi_id[0x07] high edge lint[0x1])
Nov 17 09:48:51 debian kernel: [    0.274349] ACPI: LAPIC_NMI (acpi_id[0x08] high edge lint[0x1])
Nov 17 09:48:51 debian kernel: [    0.274349] ACPI: LAPIC_NMI (acpi_id[0x09] high edge lint[0x1])
Nov 17 09:48:51 debian kernel: [    0.274350] ACPI: LAPIC_NMI (acpi_id[0x0a] high edge lint[0x1])
Nov 17 09:48:51 debian kernel: [    0.274350] ACPI: LAPIC_NMI (acpi_id[0x0b] high edge lint[0x1])
Nov 17 09:48:51 debian kernel: [    0.274350] ACPI: LAPIC_NMI (acpi_id[0x0c] high edge lint[0x1])
Nov 17 09:48:51 debian kernel: [    0.274351] ACPI: LAPIC_NMI (acpi_id[0x0d] high edge lint[0x1])
Nov 17 09:48:51 debian kernel: [    0.274351] ACPI: LAPIC_NMI (acpi_id[0x0e] high edge lint[0x1])
Nov 17 09:48:51 debian kernel: [    0.274352] ACPI: LAPIC_NMI (acpi_id[0x0f] high edge lint[0x1])
Nov 17 09:48:51 debian kernel: [    0.274352] ACPI: LAPIC_NMI (acpi_id[0x10] high edge lint[0x1])
Nov 17 09:48:51 debian kernel: [    0.274352] ACPI: LAPIC_NMI (acpi_id[0x11] high edge lint[0x1])
Nov 17 09:48:51 debian kernel: [    0.274353] ACPI: LAPIC_NMI (acpi_id[0x12] high edge lint[0x1])
Nov 17 09:48:51 debian kernel: [    0.274353] ACPI: LAPIC_NMI (acpi_id[0x13] high edge lint[0x1])
Nov 17 09:48:51 debian kernel: [    0.274354] ACPI: LAPIC_NMI (acpi_id[0x14] high edge lint[0x1])
Nov 17 09:48:51 debian kernel: [    0.274354] ACPI: LAPIC_NMI (acpi_id[0x15] high edge lint[0x1])
Nov 17 09:48:51 debian kernel: [    0.274354] ACPI: LAPIC_NMI (acpi_id[0x16] high edge lint[0x1])
Nov 17 09:48:51 debian kernel: [    0.274355] ACPI: LAPIC_NMI (acpi_id[0x17] high edge lint[0x1])
Nov 17 09:48:51 debian kernel: [    0.274355] ACPI: LAPIC_NMI (acpi_id[0x18] high edge lint[0x1])
Nov 17 09:48:51 debian kernel: [    0.274356] ACPI: LAPIC_NMI (acpi_id[0x19] high edge lint[0x1])
Nov 17 09:48:51 debian kernel: [    0.274356] ACPI: LAPIC_NMI (acpi_id[0x1a] high edge lint[0x1])
Nov 17 09:48:51 debian kernel: [    0.274356] ACPI: LAPIC_NMI (acpi_id[0x1b] high edge lint[0x1])
Nov 17 09:48:51 debian kernel: [    0.274357] ACPI: LAPIC_NMI (acpi_id[0x1c] high edge lint[0x1])
Nov 17 09:48:51 debian kernel: [    0.274357] ACPI: LAPIC_NMI (acpi_id[0x1d] high edge lint[0x1])
Nov 17 09:48:51 debian kernel: [    0.274357] ACPI: LAPIC_NMI (acpi_id[0x1e] high edge lint[0x1])
Nov 17 09:48:51 debian kernel: [    0.274358] ACPI: LAPIC_NMI (acpi_id[0x1f] high edge lint[0x1])
Nov 17 09:48:51 debian kernel: [    0.274358] ACPI: LAPIC_NMI (acpi_id[0x20] high edge lint[0x1])
Nov 17 09:48:51 debian kernel: [    0.274359] ACPI: LAPIC_NMI (acpi_id[0x21] high edge lint[0x1])
Nov 17 09:48:51 debian kernel: [    0.274359] ACPI: LAPIC_NMI (acpi_id[0x22] high edge lint[0x1])
Nov 17 09:48:51 debian kernel: [    0.274359] ACPI: LAPIC_NMI (acpi_id[0x23] high edge lint[0x1])
Nov 17 09:48:51 debian kernel: [    0.274360] ACPI: LAPIC_NMI (acpi_id[0x24] high edge lint[0x1])
Nov 17 09:48:51 debian kernel: [    0.274360] ACPI: LAPIC_NMI (acpi_id[0x25] high edge lint[0x1])
Nov 17 09:48:51 debian kernel: [    0.274361] ACPI: LAPIC_NMI (acpi_id[0x26] high edge lint[0x1])
Nov 17 09:48:51 debian kernel: [    0.274361] ACPI: LAPIC_NMI (acpi_id[0x27] high edge lint[0x1])
Nov 17 09:48:51 debian kernel: [    0.274361] ACPI: LAPIC_NMI (acpi_id[0x28] high edge lint[0x1])
Nov 17 09:48:51 debian kernel: [    0.274362] ACPI: LAPIC_NMI (acpi_id[0x29] high edge lint[0x1])
Nov 17 09:48:51 debian kernel: [    0.274362] ACPI: LAPIC_NMI (acpi_id[0x2a] high edge lint[0x1])
Nov 17 09:48:51 debian kernel: [    0.274363] ACPI: LAPIC_NMI (acpi_id[0x2b] high edge lint[0x1])
Nov 17 09:48:51 debian kernel: [    0.274363] ACPI: LAPIC_NMI (acpi_id[0x2c] high edge lint[0x1])
Nov 17 09:48:51 debian kernel: [    0.274363] ACPI: LAPIC_NMI (acpi_id[0x2d] high edge lint[0x1])
Nov 17 09:48:51 debian kernel: [    0.274364] ACPI: LAPIC_NMI (acpi_id[0x2e] high edge lint[0x1])
Nov 17 09:48:51 debian kernel: [    0.274364] ACPI: LAPIC_NMI (acpi_id[0x2f] high edge lint[0x1])
Nov 17 09:48:51 debian kernel: [    0.274365] ACPI: LAPIC_NMI (acpi_id[0x30] high edge lint[0x1])
Nov 17 09:48:51 debian kernel: [    0.274365] ACPI: LAPIC_NMI (acpi_id[0x31] high edge lint[0x1])
Nov 17 09:48:51 debian kernel: [    0.274365] ACPI: LAPIC_NMI (acpi_id[0x32] high edge lint[0x1])
Nov 17 09:48:51 debian kernel: [    0.274366] ACPI: LAPIC_NMI (acpi_id[0x33] high edge lint[0x1])
Nov 17 09:48:51 debian kernel: [    0.274366] ACPI: LAPIC_NMI (acpi_id[0x34] high edge lint[0x1])
Nov 17 09:48:51 debian kernel: [    0.274366] ACPI: LAPIC_NMI (acpi_id[0x35] high edge lint[0x1])
Nov 17 09:48:51 debian kernel: [    0.274367] ACPI: LAPIC_NMI (acpi_id[0x36] high edge lint[0x1])
Nov 17 09:48:51 debian kernel: [    0.274367] ACPI: LAPIC_NMI (acpi_id[0x37] high edge lint[0x1])
Nov 17 09:48:51 debian kernel: [    0.274368] ACPI: LAPIC_NMI (acpi_id[0x38] high edge lint[0x1])
Nov 17 09:48:51 debian kernel: [    0.274368] ACPI: LAPIC_NMI (acpi_id[0x39] high edge lint[0x1])
Nov 17 09:48:51 debian kernel: [    0.274368] ACPI: LAPIC_NMI (acpi_id[0x3a] high edge lint[0x1])
Nov 17 09:48:51 debian kernel: [    0.274369] ACPI: LAPIC_NMI (acpi_id[0x3b] high edge lint[0x1])
Nov 17 09:48:51 debian kernel: [    0.274369] ACPI: LAPIC_NMI (acpi_id[0x3c] high edge lint[0x1])
Nov 17 09:48:51 debian kernel: [    0.274370] ACPI: LAPIC_NMI (acpi_id[0x3d] high edge lint[0x1])
Nov 17 09:48:51 debian kernel: [    0.274370] ACPI: LAPIC_NMI (acpi_id[0x3e] high edge lint[0x1])
Nov 17 09:48:51 debian kernel: [    0.274370] ACPI: LAPIC_NMI (acpi_id[0x3f] high edge lint[0x1])
Nov 17 09:48:51 debian kernel: [    0.274371] ACPI: LAPIC_NMI (acpi_id[0x40] high edge lint[0x1])
Nov 17 09:48:51 debian kernel: [    0.274371] ACPI: LAPIC_NMI (acpi_id[0x41] high edge lint[0x1])
Nov 17 09:48:51 debian kernel: [    0.274372] ACPI: LAPIC_NMI (acpi_id[0x42] high edge lint[0x1])
Nov 17 09:48:51 debian kernel: [    0.274372] ACPI: LAPIC_NMI (acpi_id[0x43] high edge lint[0x1])
Nov 17 09:48:51 debian kernel: [    0.274372] ACPI: LAPIC_NMI (acpi_id[0x44] high edge lint[0x1])
Nov 17 09:48:51 debian kernel: [    0.274373] ACPI: LAPIC_NMI (acpi_id[0x45] high edge lint[0x1])
Nov 17 09:48:51 debian kernel: [    0.274373] ACPI: LAPIC_NMI (acpi_id[0x46] high edge lint[0x1])
Nov 17 09:48:51 debian kernel: [    0.274374] ACPI: LAPIC_NMI (acpi_id[0x47] high edge lint[0x1])
Nov 17 09:48:51 debian kernel: [    0.274374] ACPI: LAPIC_NMI (acpi_id[0x48] high edge lint[0x1])
Nov 17 09:48:51 debian kernel: [    0.274374] ACPI: LAPIC_NMI (acpi_id[0x49] high edge lint[0x1])
Nov 17 09:48:51 debian kernel: [    0.274375] ACPI: LAPIC_NMI (acpi_id[0x4a] high edge lint[0x1])
Nov 17 09:48:51 debian kernel: [    0.274375] ACPI: LAPIC_NMI (acpi_id[0x4b] high edge lint[0x1])
Nov 17 09:48:51 debian kernel: [    0.274376] ACPI: LAPIC_NMI (acpi_id[0x4c] high edge lint[0x1])
Nov 17 09:48:51 debian kernel: [    0.274376] ACPI: LAPIC_NMI (acpi_id[0x4d] high edge lint[0x1])
Nov 17 09:48:51 debian kernel: [    0.274376] ACPI: LAPIC_NMI (acpi_id[0x4e] high edge lint[0x1])
Nov 17 09:48:51 debian kernel: [    0.274377] ACPI: LAPIC_NMI (acpi_id[0x4f] high edge lint[0x1])
Nov 17 09:48:51 debian kernel: [    0.274377] ACPI: LAPIC_NMI (acpi_id[0x50] high edge lint[0x1])
Nov 17 09:48:51 debian kernel: [    0.274377] ACPI: LAPIC_NMI (acpi_id[0x51] high edge lint[0x1])
Nov 17 09:48:51 debian kernel: [    0.274378] ACPI: LAPIC_NMI (acpi_id[0x52] high edge lint[0x1])
Nov 17 09:48:51 debian kernel: [    0.274378] ACPI: LAPIC_NMI (acpi_id[0x53] high edge lint[0x1])
Nov 17 09:48:51 debian kernel: [    0.274379] ACPI: LAPIC_NMI (acpi_id[0x54] high edge lint[0x1])
Nov 17 09:48:51 debian kernel: [    0.274379] ACPI: LAPIC_NMI (acpi_id[0x55] high edge lint[0x1])
Nov 17 09:48:51 debian kernel: [    0.274379] ACPI: LAPIC_NMI (acpi_id[0x56] high edge lint[0x1])
Nov 17 09:48:51 debian kernel: [    0.274380] ACPI: LAPIC_NMI (acpi_id[0x57] high edge lint[0x1])
Nov 17 09:48:51 debian kernel: [    0.274380] ACPI: LAPIC_NMI (acpi_id[0x58] high edge lint[0x1])
Nov 17 09:48:51 debian kernel: [    0.274381] ACPI: LAPIC_NMI (acpi_id[0x59] high edge lint[0x1])
Nov 17 09:48:51 debian kernel: [    0.274381] ACPI: LAPIC_NMI (acpi_id[0x5a] high edge lint[0x1])
Nov 17 09:48:51 debian kernel: [    0.274381] ACPI: LAPIC_NMI (acpi_id[0x5b] high edge lint[0x1])
Nov 17 09:48:51 debian kernel: [    0.274382] ACPI: LAPIC_NMI (acpi_id[0x5c] high edge lint[0x1])
Nov 17 09:48:51 debian kernel: [    0.274382] ACPI: LAPIC_NMI (acpi_id[0x5d] high edge lint[0x1])
Nov 17 09:48:51 debian kernel: [    0.274383] ACPI: LAPIC_NMI (acpi_id[0x5e] high edge lint[0x1])
Nov 17 09:48:51 debian kernel: [    0.274383] ACPI: LAPIC_NMI (acpi_id[0x5f] high edge lint[0x1])
Nov 17 09:48:51 debian kernel: [    0.274383] ACPI: LAPIC_NMI (acpi_id[0x60] high edge lint[0x1])
Nov 17 09:48:51 debian kernel: [    0.274384] ACPI: LAPIC_NMI (acpi_id[0x61] high edge lint[0x1])
Nov 17 09:48:51 debian kernel: [    0.274384] ACPI: LAPIC_NMI (acpi_id[0x62] high edge lint[0x1])
Nov 17 09:48:51 debian kernel: [    0.274385] ACPI: LAPIC_NMI (acpi_id[0x63] high edge lint[0x1])
Nov 17 09:48:51 debian kernel: [    0.274385] ACPI: LAPIC_NMI (acpi_id[0x64] high edge lint[0x1])
Nov 17 09:48:51 debian kernel: [    0.274385] ACPI: LAPIC_NMI (acpi_id[0x65] high edge lint[0x1])
Nov 17 09:48:51 debian kernel: [    0.274386] ACPI: LAPIC_NMI (acpi_id[0x66] high edge lint[0x1])
Nov 17 09:48:51 debian kernel: [    0.274386] ACPI: LAPIC_NMI (acpi_id[0x67] high edge lint[0x1])
Nov 17 09:48:51 debian kernel: [    0.274387] ACPI: LAPIC_NMI (acpi_id[0x68] high edge lint[0x1])
Nov 17 09:48:51 debian kernel: [    0.274387] ACPI: LAPIC_NMI (acpi_id[0x69] high edge lint[0x1])
Nov 17 09:48:51 debian kernel: [    0.274387] ACPI: LAPIC_NMI (acpi_id[0x6a] high edge lint[0x1])
Nov 17 09:48:51 debian kernel: [    0.274388] ACPI: LAPIC_NMI (acpi_id[0x6b] high edge lint[0x1])
Nov 17 09:48:51 debian kernel: [    0.274388] ACPI: LAPIC_NMI (acpi_id[0x6c] high edge lint[0x1])
Nov 17 09:48:51 debian kernel: [    0.274388] ACPI: LAPIC_NMI (acpi_id[0x6d] high edge lint[0x1])
Nov 17 09:48:51 debian kernel: [    0.274389] ACPI: LAPIC_NMI (acpi_id[0x6e] high edge lint[0x1])
Nov 17 09:48:51 debian kernel: [    0.274389] ACPI: LAPIC_NMI (acpi_id[0x6f] high edge lint[0x1])
Nov 17 09:48:51 debian kernel: [    0.274390] ACPI: LAPIC_NMI (acpi_id[0x70] high edge lint[0x1])
Nov 17 09:48:51 debian kernel: [    0.274390] ACPI: LAPIC_NMI (acpi_id[0x71] high edge lint[0x1])
Nov 17 09:48:51 debian kernel: [    0.274390] ACPI: LAPIC_NMI (acpi_id[0x72] high edge lint[0x1])
Nov 17 09:48:51 debian kernel: [    0.274391] ACPI: LAPIC_NMI (acpi_id[0x73] high edge lint[0x1])
Nov 17 09:48:51 debian kernel: [    0.274391] ACPI: LAPIC_NMI (acpi_id[0x74] high edge lint[0x1])
Nov 17 09:48:51 debian kernel: [    0.274392] ACPI: LAPIC_NMI (acpi_id[0x75] high edge lint[0x1])
Nov 17 09:48:51 debian kernel: [    0.274392] ACPI: LAPIC_NMI (acpi_id[0x76] high edge lint[0x1])
Nov 17 09:48:51 debian kernel: [    0.274392] ACPI: LAPIC_NMI (acpi_id[0x77] high edge lint[0x1])
Nov 17 09:48:51 debian kernel: [    0.274393] ACPI: LAPIC_NMI (acpi_id[0x78] high edge lint[0x1])
Nov 17 09:48:51 debian kernel: [    0.274393] ACPI: LAPIC_NMI (acpi_id[0x79] high edge lint[0x1])
Nov 17 09:48:51 debian kernel: [    0.274394] ACPI: LAPIC_NMI (acpi_id[0x7a] high edge lint[0x1])
Nov 17 09:48:51 debian kernel: [    0.274394] ACPI: LAPIC_NMI (acpi_id[0x7b] high edge lint[0x1])
Nov 17 09:48:51 debian kernel: [    0.274394] ACPI: LAPIC_NMI (acpi_id[0x7c] high edge lint[0x1])
Nov 17 09:48:51 debian kernel: [    0.274395] ACPI: LAPIC_NMI (acpi_id[0x7d] high edge lint[0x1])
Nov 17 09:48:51 debian kernel: [    0.274395] ACPI: LAPIC_NMI (acpi_id[0x7e] high edge lint[0x1])
Nov 17 09:48:51 debian kernel: [    0.274396] ACPI: LAPIC_NMI (acpi_id[0x7f] high edge lint[0x1])
Nov 17 09:48:51 debian kernel: [    0.274524] IOAPIC[0]: apic_id 1, version 32, address 0xfec00000, GSI 0-23
Nov 17 09:48:51 debian kernel: [    0.274528] ACPI: INT_SRC_OVR (bus 0 bus_irq 0 global_irq 2 high edge)
Nov 17 09:48:51 debian kernel: [    0.274533] Using ACPI (MADT) for SMP configuration information
Nov 17 09:48:51 debian kernel: [    0.274534] ACPI: HPET id: 0x8086af01 base: 0xfed00000
Nov 17 09:48:51 debian kernel: [    0.274567] smpboot: Allowing 128 CPUs, 124 hotplug CPUs
Nov 17 09:48:51 debian kernel: [    0.274601] PM: hibernation: Registered nosave memory: [mem 0x00000000-0x00000fff]
Nov 17 09:48:51 debian kernel: [    0.274603] PM: hibernation: Registered nosave memory: [mem 0x0009e000-0x0009efff]
Nov 17 09:48:51 debian kernel: [    0.274603] PM: hibernation: Registered nosave memory: [mem 0x0009f000-0x0009ffff]
Nov 17 09:48:51 debian kernel: [    0.274604] PM: hibernation: Registered nosave memory: [mem 0x000a0000-0x000dbfff]
Nov 17 09:48:51 debian kernel: [    0.274604] PM: hibernation: Registered nosave memory: [mem 0x000dc000-0x000fffff]
Nov 17 09:48:51 debian kernel: [    0.274605] PM: hibernation: Registered nosave memory: [mem 0xbfee0000-0xbfefefff]
Nov 17 09:48:51 debian kernel: [    0.274605] PM: hibernation: Registered nosave memory: [mem 0xbfeff000-0xbfefffff]
Nov 17 09:48:51 debian kernel: [    0.274606] PM: hibernation: Registered nosave memory: [mem 0xc0000000-0xefffffff]
Nov 17 09:48:51 debian kernel: [    0.274606] PM: hibernation: Registered nosave memory: [mem 0xf0000000-0xf7ffffff]
Nov 17 09:48:51 debian kernel: [    0.274607] PM: hibernation: Registered nosave memory: [mem 0xf8000000-0xfebfffff]
Nov 17 09:48:51 debian kernel: [    0.274607] PM: hibernation: Registered nosave memory: [mem 0xfec00000-0xfec0ffff]
Nov 17 09:48:51 debian kernel: [    0.274608] PM: hibernation: Registered nosave memory: [mem 0xfec10000-0xfedfffff]
Nov 17 09:48:51 debian kernel: [    0.274608] PM: hibernation: Registered nosave memory: [mem 0xfee00000-0xfee00fff]
Nov 17 09:48:51 debian kernel: [    0.274608] PM: hibernation: Registered nosave memory: [mem 0xfee01000-0xfffdffff]
Nov 17 09:48:51 debian kernel: [    0.274609] PM: hibernation: Registered nosave memory: [mem 0xfffe0000-0xffffffff]
Nov 17 09:48:51 debian kernel: [    0.274610] [mem 0xc0000000-0xefffffff] available for PCI devices
Nov 17 09:48:51 debian kernel: [    0.274611] Booting paravirtualized kernel on VMware hypervisor
Nov 17 09:48:51 debian kernel: [    0.274613] clocksource: refined-jiffies: mask: 0xffffffff max_cycles: 0xffffffff, max_idle_ns: 7645519600211568 ns
Nov 17 09:48:51 debian kernel: [    0.277555] setup_percpu: NR_CPUS:8192 nr_cpumask_bits:128 nr_cpu_ids:128 nr_node_ids:1
Nov 17 09:48:51 debian kernel: [    0.425017] percpu: Embedded 58 pages/cpu s200664 r8192 d28712 u262144
Nov 17 09:48:51 debian kernel: [    0.425136] Built 1 zonelists, mobility grouping on.  Total pages: 1186264
Nov 17 09:48:51 debian kernel: [    0.425137] Policy zone: Normal
Nov 17 09:48:51 debian kernel: [    0.425139] Kernel command line: BOOT_IMAGE=/boot/vmlinuz-5.10.0-15-amd64 root=UUID=fed6ffff-2ad6-4f05-834b-97ab98ce5ccd ro quiet
Nov 17 09:48:51 debian kernel: [    0.425175] printk: log_buf_len individual max cpu contribution: 4096 bytes
Nov 17 09:48:51 debian kernel: [    0.425176] printk: log_buf_len total cpu_extra contributions: 520192 bytes
Nov 17 09:48:51 debian kernel: [    0.425176] printk: log_buf_len min size: 131072 bytes
Nov 17 09:48:51 debian kernel: [    0.444761] printk: log_buf_len: 1048576 bytes
Nov 17 09:48:51 debian kernel: [    0.444762] printk: early log buf free: 106216(81%)
Nov 17 09:48:51 debian kernel: [    0.477781] Dentry cache hash table entries: 1048576 (order: 11, 8388608 bytes, linear)
Nov 17 09:48:51 debian kernel: [    0.494165] Inode-cache hash table entries: 524288 (order: 10, 4194304 bytes, linear)
Nov 17 09:48:51 debian kernel: [    0.495027] mem auto-init: stack:off, heap alloc:on, heap free:off
Nov 17 09:48:51 debian kernel: [    0.635894] Memory: 3134732K/4820468K available (12295K kernel code, 2536K rwdata, 7564K rodata, 2424K init, 3680K bss, 264348K reserved, 0K cma-reserved)
Nov 17 09:48:51 debian kernel: [    0.637381] SLUB: HWalign=64, Order=0-3, MinObjects=0, CPUs=128, Nodes=1
Nov 17 09:48:51 debian kernel: [    0.637483] ftrace: allocating 36451 entries in 143 pages
Nov 17 09:48:51 debian kernel: [    0.648859] ftrace: allocated 143 pages with 5 groups
Nov 17 09:48:51 debian kernel: [    0.651096] rcu: Hierarchical RCU implementation.
Nov 17 09:48:51 debian kernel: [    0.651098] rcu: 	RCU restricting CPUs from NR_CPUS=8192 to nr_cpu_ids=128.
Nov 17 09:48:51 debian kernel: [    0.651098] 	Rude variant of Tasks RCU enabled.
Nov 17 09:48:51 debian kernel: [    0.651099] 	Tracing variant of Tasks RCU enabled.
Nov 17 09:48:51 debian kernel: [    0.651100] rcu: RCU calculated value of scheduler-enlistment delay is 25 jiffies.
Nov 17 09:48:51 debian kernel: [    0.651100] rcu: Adjusting geometry for rcu_fanout_leaf=16, nr_cpu_ids=128
Nov 17 09:48:51 debian kernel: [    0.656089] NR_IRQS: 524544, nr_irqs: 1448, preallocated irqs: 16
Nov 17 09:48:51 debian kernel: [    0.656976] random: crng init done
Nov 17 09:48:51 debian kernel: [    0.683895] Console: colour VGA+ 80x25
Nov 17 09:48:51 debian kernel: [    0.683911] printk: console [tty0] enabled
Nov 17 09:48:51 debian kernel: [    0.684019] ACPI: Core revision 20200925
Nov 17 09:48:51 debian kernel: [    0.685053] clocksource: hpet: mask: 0xffffffff max_cycles: 0xffffffff, max_idle_ns: 133484882848 ns
Nov 17 09:48:51 debian kernel: [    0.685271] APIC: Switch to symmetric I/O mode setup
Nov 17 09:48:51 debian kernel: [    0.685926] x2apic enabled
Nov 17 09:48:51 debian kernel: [    0.686338] Switched APIC routing to physical x2apic.
Nov 17 09:48:51 debian kernel: [    0.689205] ..TIMER: vector=0x30 apic1=0 pin1=2 apic2=-1 pin2=-1
Nov 17 09:48:51 debian kernel: [    0.689285] clocksource: tsc-early: mask: 0xffffffffffffffff max_cycles: 0x6aab8a01d39, max_idle_ns: 881590475104 ns
Nov 17 09:48:51 debian kernel: [    0.689288] Calibrating delay loop (skipped) preset value.. 7400.23 BogoMIPS (lpj=14800474)
Nov 17 09:48:51 debian kernel: [    0.689290] pid_max: default: 131072 minimum: 1024
Nov 17 09:48:51 debian kernel: [    0.689341] LSM: Security Framework initializing
Nov 17 09:48:51 debian kernel: [    0.689350] Yama: disabled by default; enable with sysctl kernel.yama.*
Nov 17 09:48:51 debian kernel: [    0.689607] AppArmor: AppArmor initialized
Nov 17 09:48:51 debian kernel: [    0.689608] TOMOYO Linux initialized
Nov 17 09:48:51 debian kernel: [    0.693744] Mount-cache hash table entries: 16384 (order: 5, 131072 bytes, linear)
Nov 17 09:48:51 debian kernel: [    0.694384] Mountpoint-cache hash table entries: 16384 (order: 5, 131072 bytes, linear)
Nov 17 09:48:51 debian kernel: [    0.696643] x86/cpu: User Mode Instruction Prevention (UMIP) activated
Nov 17 09:48:51 debian kernel: [    0.696836] unchecked MSR access error: RDMSR from 0x852 at rIP: 0xffffffffb5c6b394 (native_read_msr+0x4/0x30)
Nov 17 09:48:51 debian kernel: [    0.696836] Call Trace:
Nov 17 09:48:51 debian kernel: [    0.696836]  native_apic_msr_read+0x1d/0x20
Nov 17 09:48:51 debian kernel: [    0.696836]  setup_APIC_eilvt+0x47/0x120
Nov 17 09:48:51 debian kernel: [    0.696836]  mce_amd_feature_init+0x3d0/0x420
Nov 17 09:48:51 debian kernel: [    0.696836]  mcheck_cpu_init+0x16e/0x460
Nov 17 09:48:51 debian kernel: [    0.696836]  identify_cpu+0x29e/0x530
Nov 17 09:48:51 debian kernel: [    0.696836]  identify_boot_cpu+0xc/0x94
Nov 17 09:48:51 debian kernel: [    0.696836]  check_bugs+0x26/0xae9
Nov 17 09:48:51 debian kernel: [    0.696836]  start_kernel+0x560/0x595
Nov 17 09:48:51 debian kernel: [    0.696836]  secondary_startup_64_no_verify+0xb0/0xbb
Nov 17 09:48:51 debian kernel: [    0.696836] LVT offset 2 assigned for vector 0xf4
Nov 17 09:48:51 debian kernel: [    0.697313] Last level iTLB entries: 4KB 1024, 2MB 1024, 4MB 512
Nov 17 09:48:51 debian kernel: [    0.697314] Last level dTLB entries: 4KB 2048, 2MB 2048, 4MB 1024, 1GB 0
Nov 17 09:48:51 debian kernel: [    0.697316] Spectre V1 : Mitigation: usercopy/swapgs barriers and __user pointer sanitization
Nov 17 09:48:51 debian kernel: [    0.697317] Spectre V2 : Mitigation: Retpolines
Nov 17 09:48:51 debian kernel: [    0.697318] Spectre V2 : Spectre v2 / SpectreRSB mitigation: Filling RSB on context switch
Nov 17 09:48:51 debian kernel: [    0.697319] Spectre V2 : mitigation: Enabling conditional Indirect Branch Prediction Barrier
Nov 17 09:48:51 debian kernel: [    0.697320] Speculative Store Bypass: Mitigation: Speculative Store Bypass disabled via prctl and seccomp
Nov 17 09:48:51 debian kernel: [    0.697427] Freeing SMP alternatives memory: 32K
Nov 17 09:48:51 debian kernel: [    0.706375] smpboot: CPU0: AMD Ryzen Threadripper 3970X 32-Core Processor (family: 0x17, model: 0x31, stepping: 0x0)
Nov 17 09:48:51 debian kernel: [    0.707606] Performance Events: AMD PMU driver.
Nov 17 09:48:51 debian kernel: [    0.708082] ... version:                0
Nov 17 09:48:51 debian kernel: [    0.708083] ... bit width:              48
Nov 17 09:48:51 debian kernel: [    0.708083] ... generic registers:      4
Nov 17 09:48:51 debian kernel: [    0.708083] ... value mask:             0000ffffffffffff
Nov 17 09:48:51 debian kernel: [    0.708084] ... max period:             00007fffffffffff
Nov 17 09:48:51 debian kernel: [    0.708084] ... fixed-purpose events:   0
Nov 17 09:48:51 debian kernel: [    0.708085] ... event mask:             000000000000000f
Nov 17 09:48:51 debian kernel: [    0.708289] rcu: Hierarchical SRCU implementation.
Nov 17 09:48:51 debian kernel: [    0.708961] NMI watchdog: Enabled. Permanently consumes one hw-PMU counter.
Nov 17 09:48:51 debian kernel: [    0.727133] smp: Bringing up secondary CPUs ...
Nov 17 09:48:51 debian kernel: [    0.727997] x86: Booting SMP configuration:
Nov 17 09:48:51 debian kernel: [    0.727999] .... node  #0, CPUs:          #1
Nov 17 09:48:51 debian kernel: [    0.036334] smpboot: CPU 1 Converting physical 2 to logical package 1
Nov 17 09:48:51 debian kernel: [    0.036334] smpboot: CPU 1 Converting physical 0 to logical die 1
Nov 17 09:48:51 debian kernel: [    0.730634]    #2
Nov 17 09:48:51 debian kernel: [    0.036334] smpboot: CPU 2 Converting physical 4 to logical package 2
Nov 17 09:48:51 debian kernel: [    0.036334] smpboot: CPU 2 Converting physical 0 to logical die 2
Nov 17 09:48:51 debian kernel: [    0.738174]    #3
Nov 17 09:48:51 debian kernel: [    0.036334] smpboot: CPU 3 Converting physical 6 to logical package 3
Nov 17 09:48:51 debian kernel: [    0.036334] smpboot: CPU 3 Converting physical 0 to logical die 3
Nov 17 09:48:51 debian kernel: [    0.742931] smp: Brought up 1 node, 4 CPUs
Nov 17 09:48:51 debian kernel: [    0.745292] smpboot: Max logical packages: 128
Nov 17 09:48:51 debian kernel: [    0.745293] smpboot: Total of 4 processors activated (29600.94 BogoMIPS)
Nov 17 09:48:51 debian kernel: [    0.785060] node 0 deferred pages initialised in 36ms
Nov 17 09:48:51 debian kernel: [    0.785759] devtmpfs: initialized
Nov 17 09:48:51 debian kernel: [    0.785759] x86/mm: Memory block size: 128MB
Nov 17 09:48:51 debian kernel: [    0.785799] PM: Registering ACPI NVS region [mem 0xbfeff000-0xbfefffff] (4096 bytes)
Nov 17 09:48:51 debian kernel: [    0.785799] clocksource: jiffies: mask: 0xffffffff max_cycles: 0xffffffff, max_idle_ns: 7645041785100000 ns
Nov 17 09:48:51 debian kernel: [    0.796619] futex hash table entries: 32768 (order: 9, 2097152 bytes, linear)
Nov 17 09:48:51 debian kernel: [    0.796911] pinctrl core: initialized pinctrl subsystem
Nov 17 09:48:51 debian kernel: [    0.797795] NET: Registered protocol family 16
Nov 17 09:48:51 debian kernel: [    0.797844] audit: initializing netlink subsys (disabled)
Nov 17 09:48:51 debian kernel: [    0.797870] thermal_sys: Registered thermal governor 'fair_share'
Nov 17 09:48:51 debian kernel: [    0.797870] thermal_sys: Registered thermal governor 'bang_bang'
Nov 17 09:48:51 debian kernel: [    0.797870] thermal_sys: Registered thermal governor 'step_wise'
Nov 17 09:48:51 debian kernel: [    0.797870] thermal_sys: Registered thermal governor 'user_space'
Nov 17 09:48:51 debian kernel: [    0.797870] thermal_sys: Registered thermal governor 'power_allocator'
Nov 17 09:48:51 debian kernel: [    0.797870] audit: type=2000 audit(1668696525.108:1): state=initialized audit_enabled=0 res=1
Nov 17 09:48:51 debian kernel: [    0.797870] cpuidle: using governor ladder
Nov 17 09:48:51 debian kernel: [    0.797870] cpuidle: using governor menu
Nov 17 09:48:51 debian kernel: [    0.798354] Simple Boot Flag at 0x36 set to 0x80
Nov 17 09:48:51 debian kernel: [    0.798354] ACPI: bus type PCI registered
Nov 17 09:48:51 debian kernel: [    0.798354] acpiphp: ACPI Hot Plug PCI Controller Driver version: 0.5
Nov 17 09:48:51 debian kernel: [    0.798354] PCI: MMCONFIG for domain 0000 [bus 00-7f] at [mem 0xf0000000-0xf7ffffff] (base 0xf0000000)
Nov 17 09:48:51 debian kernel: [    0.798354] PCI: MMCONFIG at [mem 0xf0000000-0xf7ffffff] reserved in E820
Nov 17 09:48:51 debian kernel: [    0.798354] pmd_set_huge: Cannot satisfy [mem 0xf0000000-0xf0200000] with a huge-page mapping due to MTRR override.
Nov 17 09:48:51 debian kernel: [    0.798354] PCI: Using configuration type 1 for base access
Nov 17 09:48:51 debian kernel: [    0.801735] Kprobes globally optimized
Nov 17 09:48:51 debian kernel: [    0.801760] HugeTLB registered 1.00 GiB page size, pre-allocated 0 pages
Nov 17 09:48:51 debian kernel: [    0.801760] HugeTLB registered 2.00 MiB page size, pre-allocated 0 pages
Nov 17 09:48:51 debian kernel: [    1.047930] ACPI: Added _OSI(Module Device)
Nov 17 09:48:51 debian kernel: [    1.047930] ACPI: Added _OSI(Processor Device)
Nov 17 09:48:51 debian kernel: [    1.047930] ACPI: Added _OSI(3.0 _SCP Extensions)
Nov 17 09:48:51 debian kernel: [    1.047930] ACPI: Added _OSI(Processor Aggregator Device)
Nov 17 09:48:51 debian kernel: [    1.047930] ACPI: Added _OSI(Linux-Dell-Video)
Nov 17 09:48:51 debian kernel: [    1.047930] ACPI: Added _OSI(Linux-Lenovo-NV-HDMI-Audio)
Nov 17 09:48:51 debian kernel: [    1.047930] ACPI: Added _OSI(Linux-HPI-Hybrid-Graphics)
Nov 17 09:48:51 debian kernel: [    1.055068] ACPI: 1 ACPI AML tables successfully acquired and loaded
Nov 17 09:48:51 debian kernel: [    1.056470] ACPI: [Firmware Bug]: BIOS _OSI(Linux) query ignored
Nov 17 09:48:51 debian kernel: [    1.072031] ACPI: Interpreter enabled
Nov 17 09:48:51 debian kernel: [    1.072041] ACPI: (supports S0 S1 S4 S5)
Nov 17 09:48:51 debian kernel: [    1.072042] ACPI: Using IOAPIC for interrupt routing
Nov 17 09:48:51 debian kernel: [    1.072058] PCI: Using host bridge windows from ACPI; if necessary, use "pci=nocrs" and report a bug
Nov 17 09:48:51 debian kernel: [    1.072470] ACPI: Enabled 4 GPEs in block 00 to 0F
Nov 17 09:48:51 debian kernel: [    1.133337] ACPI: PCI Root Bridge [PCI0] (domain 0000 [bus 00-7f])
Nov 17 09:48:51 debian kernel: [    1.133342] acpi PNP0A03:00: _OSC: OS supports [ExtendedConfig ASPM ClockPM Segments MSI HPX-Type3]
Nov 17 09:48:51 debian kernel: [    1.133496] acpi PNP0A03:00: _OSC: platform does not support [AER LTR]
Nov 17 09:48:51 debian kernel: [    1.133723] acpi PNP0A03:00: _OSC: OS now controls [PCIeHotplug SHPCHotplug PME PCIeCapability]
Nov 17 09:48:51 debian kernel: [    1.136758] PCI host bridge to bus 0000:00
Nov 17 09:48:51 debian kernel: [    1.136760] pci_bus 0000:00: root bus resource [mem 0x000a0000-0x000bffff window]
Nov 17 09:48:51 debian kernel: [    1.136761] pci_bus 0000:00: root bus resource [mem 0x000cc000-0x000cffff window]
Nov 17 09:48:51 debian kernel: [    1.136761] pci_bus 0000:00: root bus resource [mem 0x000d0000-0x000d3fff window]
Nov 17 09:48:51 debian kernel: [    1.136762] pci_bus 0000:00: root bus resource [mem 0x000d4000-0x000d7fff window]
Nov 17 09:48:51 debian kernel: [    1.136762] pci_bus 0000:00: root bus resource [mem 0x000d8000-0x000dbfff window]
Nov 17 09:48:51 debian kernel: [    1.136763] pci_bus 0000:00: root bus resource [mem 0xc0000000-0xfebfffff window]
Nov 17 09:48:51 debian kernel: [    1.136763] pci_bus 0000:00: root bus resource [io  0x0000-0x0cf7 window]
Nov 17 09:48:51 debian kernel: [    1.136764] pci_bus 0000:00: root bus resource [io  0x0d00-0xfeff window]
Nov 17 09:48:51 debian kernel: [    1.136765] pci_bus 0000:00: root bus resource [bus 00-7f]
Nov 17 09:48:51 debian kernel: [    1.136930] pci 0000:00:00.0: [8086:7190] type 00 class 0x060000
Nov 17 09:48:51 debian kernel: [    1.138326] pci 0000:00:01.0: [8086:7191] type 01 class 0x060400
Nov 17 09:48:51 debian kernel: [    1.139861] pci 0000:00:07.0: [8086:7110] type 00 class 0x060100
Nov 17 09:48:51 debian kernel: [    1.141513] pci 0000:00:07.1: [8086:7111] type 00 class 0x01018a
Nov 17 09:48:51 debian kernel: [    1.143026] pci 0000:00:07.1: reg 0x20: [io  0x1060-0x106f]
Nov 17 09:48:51 debian kernel: [    1.143545] pci 0000:00:07.1: legacy IDE quirk: reg 0x10: [io  0x01f0-0x01f7]
Nov 17 09:48:51 debian kernel: [    1.143546] pci 0000:00:07.1: legacy IDE quirk: reg 0x14: [io  0x03f6]
Nov 17 09:48:51 debian kernel: [    1.143547] pci 0000:00:07.1: legacy IDE quirk: reg 0x18: [io  0x0170-0x0177]
Nov 17 09:48:51 debian kernel: [    1.143547] pci 0000:00:07.1: legacy IDE quirk: reg 0x1c: [io  0x0376]
Nov 17 09:48:51 debian kernel: [    1.143876] pci 0000:00:07.3: [8086:7113] type 00 class 0x068000
Nov 17 09:48:51 debian kernel: [    1.146161] pci 0000:00:07.3: quirk: [io  0x1000-0x103f] claimed by PIIX4 ACPI
Nov 17 09:48:51 debian kernel: [    1.146181] pci 0000:00:07.3: quirk: [io  0x1040-0x104f] claimed by PIIX4 SMB
Nov 17 09:48:51 debian kernel: [    1.146817] pci 0000:00:07.7: [15ad:0740] type 00 class 0x088000
Nov 17 09:48:51 debian kernel: [    1.147319] pci 0000:00:07.7: reg 0x10: [io  0x1080-0x10bf]
Nov 17 09:48:51 debian kernel: [    1.147775] pci 0000:00:07.7: reg 0x14: [mem 0xfebfe000-0xfebfffff 64bit]
Nov 17 09:48:51 debian kernel: [    1.150434] pci 0000:00:0f.0: [15ad:0405] type 00 class 0x030000
Nov 17 09:48:51 debian kernel: [    1.151375] pci 0000:00:0f.0: reg 0x10: [io  0x1070-0x107f]
Nov 17 09:48:51 debian kernel: [    1.152280] pci 0000:00:0f.0: reg 0x14: [mem 0xe8000000-0xefffffff pref]
Nov 17 09:48:51 debian kernel: [    1.153025] pci 0000:00:0f.0: reg 0x18: [mem 0xfe000000-0xfe7fffff]
Nov 17 09:48:51 debian kernel: [    1.155985] pci 0000:00:0f.0: reg 0x30: [mem 0x00000000-0x00007fff pref]
Nov 17 09:48:51 debian kernel: [    1.157362] pci 0000:00:10.0: [1000:0030] type 00 class 0x010000
Nov 17 09:48:51 debian kernel: [    1.157852] pci 0000:00:10.0: reg 0x10: [io  0x1400-0x14ff]
Nov 17 09:48:51 debian kernel: [    1.158251] pci 0000:00:10.0: reg 0x14: [mem 0xfeba0000-0xfebbffff 64bit]
Nov 17 09:48:51 debian kernel: [    1.158588] pci 0000:00:10.0: reg 0x1c: [mem 0xfebc0000-0xfebdffff 64bit]
Nov 17 09:48:51 debian kernel: [    1.159758] pci 0000:00:10.0: reg 0x30: [mem 0x00000000-0x00003fff pref]
Nov 17 09:48:51 debian kernel: [    1.160532] pci 0000:00:11.0: [15ad:0790] type 01 class 0x060401
Nov 17 09:48:51 debian kernel: [    1.162861] pci 0000:00:15.0: [15ad:07a0] type 01 class 0x060400
Nov 17 09:48:51 debian kernel: [    1.164840] pci 0000:00:15.0: PME# supported from D0 D3hot D3cold
Nov 17 09:48:51 debian kernel: [    1.165855] pci 0000:00:15.1: [15ad:07a0] type 01 class 0x060400
Nov 17 09:48:51 debian kernel: [    1.167729] pci 0000:00:15.1: PME# supported from D0 D3hot D3cold
Nov 17 09:48:51 debian kernel: [    1.168495] pci 0000:00:15.2: [15ad:07a0] type 01 class 0x060400
Nov 17 09:48:51 debian kernel: [    1.170183] pci 0000:00:15.2: PME# supported from D0 D3hot D3cold
Nov 17 09:48:51 debian kernel: [    1.170837] pci 0000:00:15.3: [15ad:07a0] type 01 class 0x060400
Nov 17 09:48:51 debian kernel: [    1.172553] pci 0000:00:15.3: PME# supported from D0 D3hot D3cold
Nov 17 09:48:51 debian kernel: [    1.173332] pci 0000:00:15.4: [15ad:07a0] type 01 class 0x060400
Nov 17 09:48:51 debian kernel: [    1.175033] pci 0000:00:15.4: PME# supported from D0 D3hot D3cold
Nov 17 09:48:51 debian kernel: [    1.175688] pci 0000:00:15.5: [15ad:07a0] type 01 class 0x060400
Nov 17 09:48:51 debian kernel: [    1.177515] pci 0000:00:15.5: PME# supported from D0 D3hot D3cold
Nov 17 09:48:51 debian kernel: [    1.178159] pci 0000:00:15.6: [15ad:07a0] type 01 class 0x060400
Nov 17 09:48:51 debian kernel: [    1.179705] pci 0000:00:15.6: PME# supported from D0 D3hot D3cold
Nov 17 09:48:51 debian kernel: [    1.180452] pci 0000:00:15.7: [15ad:07a0] type 01 class 0x060400
Nov 17 09:48:51 debian kernel: [    1.182261] pci 0000:00:15.7: PME# supported from D0 D3hot D3cold
Nov 17 09:48:51 debian kernel: [    1.182950] pci 0000:00:16.0: [15ad:07a0] type 01 class 0x060400
Nov 17 09:48:51 debian kernel: [    1.184498] pci 0000:00:16.0: PME# supported from D0 D3hot D3cold
Nov 17 09:48:51 debian kernel: [    1.185289] pci 0000:00:16.1: [15ad:07a0] type 01 class 0x060400
Nov 17 09:48:51 debian kernel: [    1.187008] pci 0000:00:16.1: PME# supported from D0 D3hot D3cold
Nov 17 09:48:51 debian kernel: [    1.187656] pci 0000:00:16.2: [15ad:07a0] type 01 class 0x060400
Nov 17 09:48:51 debian kernel: [    1.189330] pci 0000:00:16.2: PME# supported from D0 D3hot D3cold
Nov 17 09:48:51 debian kernel: [    1.189971] pci 0000:00:16.3: [15ad:07a0] type 01 class 0x060400
Nov 17 09:48:51 debian kernel: [    1.191603] pci 0000:00:16.3: PME# supported from D0 D3hot D3cold
Nov 17 09:48:51 debian kernel: [    1.192343] pci 0000:00:16.4: [15ad:07a0] type 01 class 0x060400
Nov 17 09:48:51 debian kernel: [    1.193963] pci 0000:00:16.4: PME# supported from D0 D3hot D3cold
Nov 17 09:48:51 debian kernel: [    1.194605] pci 0000:00:16.5: [15ad:07a0] type 01 class 0x060400
Nov 17 09:48:51 debian kernel: [    1.196387] pci 0000:00:16.5: PME# supported from D0 D3hot D3cold
Nov 17 09:48:51 debian kernel: [    1.197033] pci 0000:00:16.6: [15ad:07a0] type 01 class 0x060400
Nov 17 09:48:51 debian kernel: [    1.198684] pci 0000:00:16.6: PME# supported from D0 D3hot D3cold
Nov 17 09:48:51 debian kernel: [    1.199340] pci 0000:00:16.7: [15ad:07a0] type 01 class 0x060400
Nov 17 09:48:51 debian kernel: [    1.200983] pci 0000:00:16.7: PME# supported from D0 D3hot D3cold
Nov 17 09:48:51 debian kernel: [    1.201671] pci 0000:00:17.0: [15ad:07a0] type 01 class 0x060400
Nov 17 09:48:51 debian kernel: [    1.203465] pci 0000:00:17.0: PME# supported from D0 D3hot D3cold
Nov 17 09:48:51 debian kernel: [    1.204112] pci 0000:00:17.1: [15ad:07a0] type 01 class 0x060400
Nov 17 09:48:51 debian kernel: [    1.205980] pci 0000:00:17.1: PME# supported from D0 D3hot D3cold
Nov 17 09:48:51 debian kernel: [    1.206622] pci 0000:00:17.2: [15ad:07a0] type 01 class 0x060400
Nov 17 09:48:51 debian kernel: [    1.208435] pci 0000:00:17.2: PME# supported from D0 D3hot D3cold
Nov 17 09:48:51 debian kernel: [    1.209172] pci 0000:00:17.3: [15ad:07a0] type 01 class 0x060400
Nov 17 09:48:51 debian kernel: [    1.210861] pci 0000:00:17.3: PME# supported from D0 D3hot D3cold
Nov 17 09:48:51 debian kernel: [    1.211513] pci 0000:00:17.4: [15ad:07a0] type 01 class 0x060400
Nov 17 09:48:51 debian kernel: [    1.213330] pci 0000:00:17.4: PME# supported from D0 D3hot D3cold
Nov 17 09:48:51 debian kernel: [    1.213997] pci 0000:00:17.5: [15ad:07a0] type 01 class 0x060400
Nov 17 09:48:51 debian kernel: [    1.215788] pci 0000:00:17.5: PME# supported from D0 D3hot D3cold
Nov 17 09:48:51 debian kernel: [    1.216431] pci 0000:00:17.6: [15ad:07a0] type 01 class 0x060400
Nov 17 09:48:51 debian kernel: [    1.218123] pci 0000:00:17.6: PME# supported from D0 D3hot D3cold
Nov 17 09:48:51 debian kernel: [    1.218775] pci 0000:00:17.7: [15ad:07a0] type 01 class 0x060400
Nov 17 09:48:51 debian kernel: [    1.220474] pci 0000:00:17.7: PME# supported from D0 D3hot D3cold
Nov 17 09:48:51 debian kernel: [    1.221111] pci 0000:00:18.0: [15ad:07a0] type 01 class 0x060400
Nov 17 09:48:51 debian kernel: [    1.222888] pci 0000:00:18.0: PME# supported from D0 D3hot D3cold
Nov 17 09:48:51 debian kernel: [    1.223527] pci 0000:00:18.1: [15ad:07a0] type 01 class 0x060400
Nov 17 09:48:51 debian kernel: [    1.225070] pci 0000:00:18.1: PME# supported from D0 D3hot D3cold
Nov 17 09:48:51 debian kernel: [    1.225799] pci 0000:00:18.2: [15ad:07a0] type 01 class 0x060400
Nov 17 09:48:51 debian kernel: [    1.227332] pci 0000:00:18.2: PME# supported from D0 D3hot D3cold
Nov 17 09:48:51 debian kernel: [    1.227971] pci 0000:00:18.3: [15ad:07a0] type 01 class 0x060400
Nov 17 09:48:51 debian kernel: [    1.229615] pci 0000:00:18.3: PME# supported from D0 D3hot D3cold
Nov 17 09:48:51 debian kernel: [    1.230261] pci 0000:00:18.4: [15ad:07a0] type 01 class 0x060400
Nov 17 09:48:51 debian kernel: [    1.231865] pci 0000:00:18.4: PME# supported from D0 D3hot D3cold
Nov 17 09:48:51 debian kernel: [    1.232622] pci 0000:00:18.5: [15ad:07a0] type 01 class 0x060400
Nov 17 09:48:51 debian kernel: [    1.234326] pci 0000:00:18.5: PME# supported from D0 D3hot D3cold
Nov 17 09:48:51 debian kernel: [    1.234967] pci 0000:00:18.6: [15ad:07a0] type 01 class 0x060400
Nov 17 09:48:51 debian kernel: [    1.236522] pci 0000:00:18.6: PME# supported from D0 D3hot D3cold
Nov 17 09:48:51 debian kernel: [    1.237332] pci 0000:00:18.7: [15ad:07a0] type 01 class 0x060400
Nov 17 09:48:51 debian kernel: [    1.238874] pci 0000:00:18.7: PME# supported from D0 D3hot D3cold
Nov 17 09:48:51 debian kernel: [    1.239546] pci_bus 0000:01: extended config space not accessible
Nov 17 09:48:51 debian kernel: [    1.240097] pci 0000:00:01.0: PCI bridge to [bus 01]
Nov 17 09:48:51 debian kernel: [    1.240569] pci_bus 0000:02: extended config space not accessible
Nov 17 09:48:51 debian kernel: [    1.240688] acpiphp: Slot [32] registered
Nov 17 09:48:51 debian kernel: [    1.240727] acpiphp: Slot [33] registered
Nov 17 09:48:51 debian kernel: [    1.240756] acpiphp: Slot [34] registered
Nov 17 09:48:51 debian kernel: [    1.240784] acpiphp: Slot [35] registered
Nov 17 09:48:51 debian kernel: [    1.240812] acpiphp: Slot [36] registered
Nov 17 09:48:51 debian kernel: [    1.240840] acpiphp: Slot [37] registered
Nov 17 09:48:51 debian kernel: [    1.240867] acpiphp: Slot [38] registered
Nov 17 09:48:51 debian kernel: [    1.240894] acpiphp: Slot [39] registered
Nov 17 09:48:51 debian kernel: [    1.240922] acpiphp: Slot [40] registered
Nov 17 09:48:51 debian kernel: [    1.240950] acpiphp: Slot [41] registered
Nov 17 09:48:51 debian kernel: [    1.240977] acpiphp: Slot [42] registered
Nov 17 09:48:51 debian kernel: [    1.241005] acpiphp: Slot [43] registered
Nov 17 09:48:51 debian kernel: [    1.241032] acpiphp: Slot [44] registered
Nov 17 09:48:51 debian kernel: [    1.241233] acpiphp: Slot [45] registered
Nov 17 09:48:51 debian kernel: [    1.241286] acpiphp: Slot [46] registered
Nov 17 09:48:51 debian kernel: [    1.241297] acpiphp: Slot [47] registered
Nov 17 09:48:51 debian kernel: [    1.241326] acpiphp: Slot [48] registered
Nov 17 09:48:51 debian kernel: [    1.241353] acpiphp: Slot [49] registered
Nov 17 09:48:51 debian kernel: [    1.241380] acpiphp: Slot [50] registered
Nov 17 09:48:51 debian kernel: [    1.241407] acpiphp: Slot [51] registered
Nov 17 09:48:51 debian kernel: [    1.241436] acpiphp: Slot [52] registered
Nov 17 09:48:51 debian kernel: [    1.241463] acpiphp: Slot [53] registered
Nov 17 09:48:51 debian kernel: [    1.241491] acpiphp: Slot [54] registered
Nov 17 09:48:51 debian kernel: [    1.241518] acpiphp: Slot [55] registered
Nov 17 09:48:51 debian kernel: [    1.241545] acpiphp: Slot [56] registered
Nov 17 09:48:51 debian kernel: [    1.241572] acpiphp: Slot [57] registered
Nov 17 09:48:51 debian kernel: [    1.241658] acpiphp: Slot [58] registered
Nov 17 09:48:51 debian kernel: [    1.241711] acpiphp: Slot [59] registered
Nov 17 09:48:51 debian kernel: [    1.241739] acpiphp: Slot [60] registered
Nov 17 09:48:51 debian kernel: [    1.241766] acpiphp: Slot [61] registered
Nov 17 09:48:51 debian kernel: [    1.241793] acpiphp: Slot [62] registered
Nov 17 09:48:51 debian kernel: [    1.241820] acpiphp: Slot [63] registered
Nov 17 09:48:51 debian kernel: [    1.241946] pci 0000:02:00.0: [15ad:0774] type 00 class 0x0c0300
Nov 17 09:48:51 debian kernel: [    1.243234] pci 0000:02:00.0: reg 0x20: [io  0x2080-0x209f]
Nov 17 09:48:51 debian kernel: [    1.244464] pci 0000:02:01.0: [8086:100f] type 00 class 0x020000
Nov 17 09:48:51 debian kernel: [    1.244946] pci 0000:02:01.0: reg 0x10: [mem 0xfd5c0000-0xfd5dffff 64bit]
Nov 17 09:48:51 debian kernel: [    1.245519] pci 0000:02:01.0: reg 0x18: [mem 0xfdff0000-0xfdffffff 64bit]
Nov 17 09:48:51 debian kernel: [    1.245889] pci 0000:02:01.0: reg 0x20: [io  0x2000-0x203f]
Nov 17 09:48:51 debian kernel: [    1.246632] pci 0000:02:01.0: reg 0x30: [mem 0x00000000-0x0000ffff pref]
Nov 17 09:48:51 debian kernel: [    1.247180] pci 0000:02:01.0: PME# supported from D0 D3hot D3cold
Nov 17 09:48:51 debian kernel: [    1.247576] pci 0000:02:02.0: [1274:1371] type 00 class 0x040100
Nov 17 09:48:51 debian kernel: [    1.248163] pci 0000:02:02.0: reg 0x10: [io  0x2040-0x207f]
Nov 17 09:48:51 debian kernel: [    1.250507] pci 0000:02:03.0: [15ad:0770] type 00 class 0x0c0320
Nov 17 09:48:51 debian kernel: [    1.250833] pci 0000:02:03.0: reg 0x10: [mem 0xfd5ef000-0xfd5effff]
Nov 17 09:48:51 debian kernel: [    1.253583] pci 0000:00:11.0: PCI bridge to [bus 02] (subtractive decode)
Nov 17 09:48:51 debian kernel: [    1.253619] pci 0000:00:11.0:   bridge window [io  0x2000-0x3fff]
Nov 17 09:48:51 debian kernel: [    1.253655] pci 0000:00:11.0:   bridge window [mem 0xfd500000-0xfdffffff]
Nov 17 09:48:51 debian kernel: [    1.253728] pci 0000:00:11.0:   bridge window [mem 0xe7b00000-0xe7ffffff 64bit pref]
Nov 17 09:48:51 debian kernel: [    1.253730] pci 0000:00:11.0:   bridge window [mem 0x000a0000-0x000bffff window] (subtractive decode)
Nov 17 09:48:51 debian kernel: [    1.253730] pci 0000:00:11.0:   bridge window [mem 0x000cc000-0x000cffff window] (subtractive decode)
Nov 17 09:48:51 debian kernel: [    1.253731] pci 0000:00:11.0:   bridge window [mem 0x000d0000-0x000d3fff window] (subtractive decode)
Nov 17 09:48:51 debian kernel: [    1.253731] pci 0000:00:11.0:   bridge window [mem 0x000d4000-0x000d7fff window] (subtractive decode)
Nov 17 09:48:51 debian kernel: [    1.253732] pci 0000:00:11.0:   bridge window [mem 0x000d8000-0x000dbfff window] (subtractive decode)
Nov 17 09:48:51 debian kernel: [    1.253733] pci 0000:00:11.0:   bridge window [mem 0xc0000000-0xfebfffff window] (subtractive decode)
Nov 17 09:48:51 debian kernel: [    1.253733] pci 0000:00:11.0:   bridge window [io  0x0000-0x0cf7 window] (subtractive decode)
Nov 17 09:48:51 debian kernel: [    1.253734] pci 0000:00:11.0:   bridge window [io  0x0d00-0xfeff window] (subtractive decode)
Nov 17 09:48:51 debian kernel: [    1.254265] pci 0000:00:15.0: PCI bridge to [bus 03]
Nov 17 09:48:51 debian kernel: [    1.254301] pci 0000:00:15.0:   bridge window [io  0x4000-0x4fff]
Nov 17 09:48:51 debian kernel: [    1.254337] pci 0000:00:15.0:   bridge window [mem 0xfd400000-0xfd4fffff]
Nov 17 09:48:51 debian kernel: [    1.254406] pci 0000:00:15.0:   bridge window [mem 0xe7a00000-0xe7afffff 64bit pref]
Nov 17 09:48:51 debian kernel: [    1.254947] pci 0000:00:15.1: PCI bridge to [bus 04]
Nov 17 09:48:51 debian kernel: [    1.254984] pci 0000:00:15.1:   bridge window [io  0x8000-0x8fff]
Nov 17 09:48:51 debian kernel: [    1.255021] pci 0000:00:15.1:   bridge window [mem 0xfd000000-0xfd0fffff]
Nov 17 09:48:51 debian kernel: [    1.255091] pci 0000:00:15.1:   bridge window [mem 0xe7600000-0xe76fffff 64bit pref]
Nov 17 09:48:51 debian kernel: [    1.255639] pci 0000:00:15.2: PCI bridge to [bus 05]
Nov 17 09:48:51 debian kernel: [    1.255675] pci 0000:00:15.2:   bridge window [io  0xc000-0xcfff]
Nov 17 09:48:51 debian kernel: [    1.255715] pci 0000:00:15.2:   bridge window [mem 0xfcc00000-0xfccfffff]
Nov 17 09:48:51 debian kernel: [    1.255785] pci 0000:00:15.2:   bridge window [mem 0xe7200000-0xe72fffff 64bit pref]
Nov 17 09:48:51 debian kernel: [    1.256322] pci 0000:00:15.3: PCI bridge to [bus 06]
Nov 17 09:48:51 debian kernel: [    1.256391] pci 0000:00:15.3:   bridge window [mem 0xfc800000-0xfc8fffff]
Nov 17 09:48:51 debian kernel: [    1.256461] pci 0000:00:15.3:   bridge window [mem 0xe6e00000-0xe6efffff 64bit pref]
Nov 17 09:48:51 debian kernel: [    1.256995] pci 0000:00:15.4: PCI bridge to [bus 07]
Nov 17 09:48:51 debian kernel: [    1.257065] pci 0000:00:15.4:   bridge window [mem 0xfc400000-0xfc4fffff]
Nov 17 09:48:51 debian kernel: [    1.257139] pci 0000:00:15.4:   bridge window [mem 0xe6a00000-0xe6afffff 64bit pref]
Nov 17 09:48:51 debian kernel: [    1.257771] pci 0000:00:15.5: PCI bridge to [bus 08]
Nov 17 09:48:51 debian kernel: [    1.257841] pci 0000:00:15.5:   bridge window [mem 0xfc000000-0xfc0fffff]
Nov 17 09:48:51 debian kernel: [    1.257910] pci 0000:00:15.5:   bridge window [mem 0xe6600000-0xe66fffff 64bit pref]
Nov 17 09:48:51 debian kernel: [    1.258445] pci 0000:00:15.6: PCI bridge to [bus 09]
Nov 17 09:48:51 debian kernel: [    1.258514] pci 0000:00:15.6:   bridge window [mem 0xfbc00000-0xfbcfffff]
Nov 17 09:48:51 debian kernel: [    1.258583] pci 0000:00:15.6:   bridge window [mem 0xe6200000-0xe62fffff 64bit pref]
Nov 17 09:48:51 debian kernel: [    1.259118] pci 0000:00:15.7: PCI bridge to [bus 0a]
Nov 17 09:48:51 debian kernel: [    1.259187] pci 0000:00:15.7:   bridge window [mem 0xfb800000-0xfb8fffff]
Nov 17 09:48:51 debian kernel: [    1.259260] pci 0000:00:15.7:   bridge window [mem 0xe5e00000-0xe5efffff 64bit pref]
Nov 17 09:48:51 debian kernel: [    1.259796] pci 0000:00:16.0: PCI bridge to [bus 0b]
Nov 17 09:48:51 debian kernel: [    1.259832] pci 0000:00:16.0:   bridge window [io  0x5000-0x5fff]
Nov 17 09:48:51 debian kernel: [    1.259867] pci 0000:00:16.0:   bridge window [mem 0xfd300000-0xfd3fffff]
Nov 17 09:48:51 debian kernel: [    1.259936] pci 0000:00:16.0:   bridge window [mem 0xe7900000-0xe79fffff 64bit pref]
Nov 17 09:48:51 debian kernel: [    1.260473] pci 0000:00:16.1: PCI bridge to [bus 0c]
Nov 17 09:48:51 debian kernel: [    1.260509] pci 0000:00:16.1:   bridge window [io  0x9000-0x9fff]
Nov 17 09:48:51 debian kernel: [    1.260545] pci 0000:00:16.1:   bridge window [mem 0xfcf00000-0xfcffffff]
Nov 17 09:48:51 debian kernel: [    1.260614] pci 0000:00:16.1:   bridge window [mem 0xe7500000-0xe75fffff 64bit pref]
Nov 17 09:48:51 debian kernel: [    1.261263] pci 0000:00:16.2: PCI bridge to [bus 0d]
Nov 17 09:48:51 debian kernel: [    1.261307] pci 0000:00:16.2:   bridge window [io  0xd000-0xdfff]
Nov 17 09:48:51 debian kernel: [    1.261344] pci 0000:00:16.2:   bridge window [mem 0xfcb00000-0xfcbfffff]
Nov 17 09:48:51 debian kernel: [    1.261414] pci 0000:00:16.2:   bridge window [mem 0xe7100000-0xe71fffff 64bit pref]
Nov 17 09:48:51 debian kernel: [    1.262034] pci 0000:00:16.3: PCI bridge to [bus 0e]
Nov 17 09:48:51 debian kernel: [    1.262111] pci 0000:00:16.3:   bridge window [mem 0xfc700000-0xfc7fffff]
Nov 17 09:48:51 debian kernel: [    1.262281] pci 0000:00:16.3:   bridge window [mem 0xe6d00000-0xe6dfffff 64bit pref]
Nov 17 09:48:51 debian kernel: [    1.262895] pci 0000:00:16.4: PCI bridge to [bus 0f]
Nov 17 09:48:51 debian kernel: [    1.262966] pci 0000:00:16.4:   bridge window [mem 0xfc300000-0xfc3fffff]
Nov 17 09:48:51 debian kernel: [    1.263036] pci 0000:00:16.4:   bridge window [mem 0xe6900000-0xe69fffff 64bit pref]
Nov 17 09:48:51 debian kernel: [    1.263577] pci 0000:00:16.5: PCI bridge to [bus 10]
Nov 17 09:48:51 debian kernel: [    1.263657] pci 0000:00:16.5:   bridge window [mem 0xfbf00000-0xfbffffff]
Nov 17 09:48:51 debian kernel: [    1.263726] pci 0000:00:16.5:   bridge window [mem 0xe6500000-0xe65fffff 64bit pref]
Nov 17 09:48:51 debian kernel: [    1.264260] pci 0000:00:16.6: PCI bridge to [bus 11]
Nov 17 09:48:51 debian kernel: [    1.264330] pci 0000:00:16.6:   bridge window [mem 0xfbb00000-0xfbbfffff]
Nov 17 09:48:51 debian kernel: [    1.264399] pci 0000:00:16.6:   bridge window [mem 0xe6100000-0xe61fffff 64bit pref]
Nov 17 09:48:51 debian kernel: [    1.264938] pci 0000:00:16.7: PCI bridge to [bus 12]
Nov 17 09:48:51 debian kernel: [    1.265007] pci 0000:00:16.7:   bridge window [mem 0xfb700000-0xfb7fffff]
Nov 17 09:48:51 debian kernel: [    1.265077] pci 0000:00:16.7:   bridge window [mem 0xe5d00000-0xe5dfffff 64bit pref]
Nov 17 09:48:51 debian kernel: [    1.265755] pci 0000:00:17.0: PCI bridge to [bus 13]
Nov 17 09:48:51 debian kernel: [    1.265791] pci 0000:00:17.0:   bridge window [io  0x6000-0x6fff]
Nov 17 09:48:51 debian kernel: [    1.265827] pci 0000:00:17.0:   bridge window [mem 0xfd200000-0xfd2fffff]
Nov 17 09:48:51 debian kernel: [    1.265896] pci 0000:00:17.0:   bridge window [mem 0xe7800000-0xe78fffff 64bit pref]
Nov 17 09:48:51 debian kernel: [    1.266431] pci 0000:00:17.1: PCI bridge to [bus 14]
Nov 17 09:48:51 debian kernel: [    1.266467] pci 0000:00:17.1:   bridge window [io  0xa000-0xafff]
Nov 17 09:48:51 debian kernel: [    1.266503] pci 0000:00:17.1:   bridge window [mem 0xfce00000-0xfcefffff]
Nov 17 09:48:51 debian kernel: [    1.266572] pci 0000:00:17.1:   bridge window [mem 0xe7400000-0xe74fffff 64bit pref]
Nov 17 09:48:51 debian kernel: [    1.267113] pci 0000:00:17.2: PCI bridge to [bus 15]
Nov 17 09:48:51 debian kernel: [    1.267154] pci 0000:00:17.2:   bridge window [io  0xe000-0xefff]
Nov 17 09:48:51 debian kernel: [    1.267190] pci 0000:00:17.2:   bridge window [mem 0xfca00000-0xfcafffff]
Nov 17 09:48:51 debian kernel: [    1.267264] pci 0000:00:17.2:   bridge window [mem 0xe7000000-0xe70fffff 64bit pref]
Nov 17 09:48:51 debian kernel: [    1.267798] pci 0000:00:17.3: PCI bridge to [bus 16]
Nov 17 09:48:51 debian kernel: [    1.267868] pci 0000:00:17.3:   bridge window [mem 0xfc600000-0xfc6fffff]
Nov 17 09:48:51 debian kernel: [    1.267937] pci 0000:00:17.3:   bridge window [mem 0xe6c00000-0xe6cfffff 64bit pref]
Nov 17 09:48:51 debian kernel: [    1.268477] pci 0000:00:17.4: PCI bridge to [bus 17]
Nov 17 09:48:51 debian kernel: [    1.268547] pci 0000:00:17.4:   bridge window [mem 0xfc200000-0xfc2fffff]
Nov 17 09:48:51 debian kernel: [    1.268617] pci 0000:00:17.4:   bridge window [mem 0xe6800000-0xe68fffff 64bit pref]
Nov 17 09:48:51 debian kernel: [    1.269154] pci 0000:00:17.5: PCI bridge to [bus 18]
Nov 17 09:48:51 debian kernel: [    1.269309] pci 0000:00:17.5:   bridge window [mem 0xfbe00000-0xfbefffff]
Nov 17 09:48:51 debian kernel: [    1.269382] pci 0000:00:17.5:   bridge window [mem 0xe6400000-0xe64fffff 64bit pref]
Nov 17 09:48:51 debian kernel: [    1.269918] pci 0000:00:17.6: PCI bridge to [bus 19]
Nov 17 09:48:51 debian kernel: [    1.269992] pci 0000:00:17.6:   bridge window [mem 0xfba00000-0xfbafffff]
Nov 17 09:48:51 debian kernel: [    1.270063] pci 0000:00:17.6:   bridge window [mem 0xe6000000-0xe60fffff 64bit pref]
Nov 17 09:48:51 debian kernel: [    1.270699] pci 0000:00:17.7: PCI bridge to [bus 1a]
Nov 17 09:48:51 debian kernel: [    1.270774] pci 0000:00:17.7:   bridge window [mem 0xfb600000-0xfb6fffff]
Nov 17 09:48:51 debian kernel: [    1.270845] pci 0000:00:17.7:   bridge window [mem 0xe5c00000-0xe5cfffff 64bit pref]
Nov 17 09:48:51 debian kernel: [    1.271386] pci 0000:00:18.0: PCI bridge to [bus 1b]
Nov 17 09:48:51 debian kernel: [    1.271422] pci 0000:00:18.0:   bridge window [io  0x7000-0x7fff]
Nov 17 09:48:51 debian kernel: [    1.271458] pci 0000:00:18.0:   bridge window [mem 0xfd100000-0xfd1fffff]
Nov 17 09:48:51 debian kernel: [    1.271528] pci 0000:00:18.0:   bridge window [mem 0xe7700000-0xe77fffff 64bit pref]
Nov 17 09:48:51 debian kernel: [    1.272147] pci 0000:00:18.1: PCI bridge to [bus 1c]
Nov 17 09:48:51 debian kernel: [    1.272183] pci 0000:00:18.1:   bridge window [io  0xb000-0xbfff]
Nov 17 09:48:51 debian kernel: [    1.272264] pci 0000:00:18.1:   bridge window [mem 0xfcd00000-0xfcdfffff]
Nov 17 09:48:51 debian kernel: [    1.272376] pci 0000:00:18.1:   bridge window [mem 0xe7300000-0xe73fffff 64bit pref]
Nov 17 09:48:51 debian kernel: [    1.272919] pci 0000:00:18.2: PCI bridge to [bus 1d]
Nov 17 09:48:51 debian kernel: [    1.272989] pci 0000:00:18.2:   bridge window [mem 0xfc900000-0xfc9fffff]
Nov 17 09:48:51 debian kernel: [    1.273059] pci 0000:00:18.2:   bridge window [mem 0xe6f00000-0xe6ffffff 64bit pref]
Nov 17 09:48:51 debian kernel: [    1.273756] pci 0000:00:18.3: PCI bridge to [bus 1e]
Nov 17 09:48:51 debian kernel: [    1.273826] pci 0000:00:18.3:   bridge window [mem 0xfc500000-0xfc5fffff]
Nov 17 09:48:51 debian kernel: [    1.273896] pci 0000:00:18.3:   bridge window [mem 0xe6b00000-0xe6bfffff 64bit pref]
Nov 17 09:48:51 debian kernel: [    1.274443] pci 0000:00:18.4: PCI bridge to [bus 1f]
Nov 17 09:48:51 debian kernel: [    1.274513] pci 0000:00:18.4:   bridge window [mem 0xfc100000-0xfc1fffff]
Nov 17 09:48:51 debian kernel: [    1.274582] pci 0000:00:18.4:   bridge window [mem 0xe6700000-0xe67fffff 64bit pref]
Nov 17 09:48:51 debian kernel: [    1.275124] pci 0000:00:18.5: PCI bridge to [bus 20]
Nov 17 09:48:51 debian kernel: [    1.275195] pci 0000:00:18.5:   bridge window [mem 0xfbd00000-0xfbdfffff]
Nov 17 09:48:51 debian kernel: [    1.275272] pci 0000:00:18.5:   bridge window [mem 0xe6300000-0xe63fffff 64bit pref]
Nov 17 09:48:51 debian kernel: [    1.275812] pci 0000:00:18.6: PCI bridge to [bus 21]
Nov 17 09:48:51 debian kernel: [    1.275882] pci 0000:00:18.6:   bridge window [mem 0xfb900000-0xfb9fffff]
Nov 17 09:48:51 debian kernel: [    1.275951] pci 0000:00:18.6:   bridge window [mem 0xe5f00000-0xe5ffffff 64bit pref]
Nov 17 09:48:51 debian kernel: [    1.276485] pci 0000:00:18.7: PCI bridge to [bus 22]
Nov 17 09:48:51 debian kernel: [    1.276555] pci 0000:00:18.7:   bridge window [mem 0xfb500000-0xfb5fffff]
Nov 17 09:48:51 debian kernel: [    1.276625] pci 0000:00:18.7:   bridge window [mem 0xe5b00000-0xe5bfffff 64bit pref]
Nov 17 09:48:51 debian kernel: [    1.280817] ACPI: PCI Interrupt Link [LNKA] (IRQs 3 4 5 6 7 *9 10 11 14 15)
Nov 17 09:48:51 debian kernel: [    1.280934] ACPI: PCI Interrupt Link [LNKB] (IRQs 3 4 5 6 7 9 10 *11 14 15)
Nov 17 09:48:51 debian kernel: [    1.281053] ACPI: PCI Interrupt Link [LNKC] (IRQs 3 4 5 6 7 9 *10 11 14 15)
Nov 17 09:48:51 debian kernel: [    1.281301] ACPI: PCI Interrupt Link [LNKD] (IRQs 3 4 5 6 *7 9 10 11 14 15)
Nov 17 09:48:51 debian kernel: [    1.295474] iommu: Default domain type: Translated 
Nov 17 09:48:51 debian kernel: [    1.295506] pci 0000:00:0f.0: vgaarb: setting as boot VGA device
Nov 17 09:48:51 debian kernel: [    1.295506] pci 0000:00:0f.0: vgaarb: VGA device added: decodes=io+mem,owns=io+mem,locks=none
Nov 17 09:48:51 debian kernel: [    1.295506] pci 0000:00:0f.0: vgaarb: bridge control possible
Nov 17 09:48:51 debian kernel: [    1.295506] vgaarb: loaded
Nov 17 09:48:51 debian kernel: [    1.295506] EDAC MC: Ver: 3.0.0
Nov 17 09:48:51 debian kernel: [    1.298339] NetLabel: Initializing
Nov 17 09:48:51 debian kernel: [    1.298339] NetLabel:  domain hash size = 128
Nov 17 09:48:51 debian kernel: [    1.298339] NetLabel:  protocols = UNLABELED CIPSOv4 CALIPSO
Nov 17 09:48:51 debian kernel: [    1.298339] NetLabel:  unlabeled traffic allowed by default
Nov 17 09:48:51 debian kernel: [    1.298339] PCI: Using ACPI for IRQ routing
Nov 17 09:48:51 debian kernel: [    1.352045] hpet0: at MMIO 0xfed00000, IRQs 2, 8, 0, 0, 0, 0, 0, 0, 0, 0, 0, 0, 0, 0, 0, 0
Nov 17 09:48:51 debian kernel: [    1.352051] hpet0: 16 comparators, 64-bit 14.318180 MHz counter
Nov 17 09:48:51 debian kernel: [    1.355613] clocksource: Switched to clocksource tsc-early
Nov 17 09:48:51 debian kernel: [    1.392990] VFS: Disk quotas dquot_6.6.0
Nov 17 09:48:51 debian kernel: [    1.393057] VFS: Dquot-cache hash table entries: 512 (order 0, 4096 bytes)
Nov 17 09:48:51 debian kernel: [    1.393389] AppArmor: AppArmor Filesystem Enabled
Nov 17 09:48:51 debian kernel: [    1.393405] pnp: PnP ACPI init
Nov 17 09:48:51 debian kernel: [    1.393723] system 00:00: [io  0x1000-0x103f] has been reserved
Nov 17 09:48:51 debian kernel: [    1.393724] system 00:00: [io  0x1040-0x104f] has been reserved
Nov 17 09:48:51 debian kernel: [    1.393725] system 00:00: [io  0x0cf0-0x0cf1] has been reserved
Nov 17 09:48:51 debian kernel: [    1.394008] system 00:04: [mem 0xfed00000-0xfed003ff] has been reserved
Nov 17 09:48:51 debian kernel: [    1.396239] system 00:06: [io  0xfce0-0xfcff] has been reserved
Nov 17 09:48:51 debian kernel: [    1.396241] system 00:06: [mem 0xf0000000-0xf7ffffff] has been reserved
Nov 17 09:48:51 debian kernel: [    1.396242] system 00:06: [mem 0xfe800000-0xfe9fffff] has been reserved
Nov 17 09:48:51 debian kernel: [    1.403665] pnp: PnP ACPI: found 7 devices
Nov 17 09:48:51 debian kernel: [    1.423918] clocksource: acpi_pm: mask: 0xffffff max_cycles: 0xffffff, max_idle_ns: 2085701024 ns
Nov 17 09:48:51 debian kernel: [    1.424001] NET: Registered protocol family 2
Nov 17 09:48:51 debian kernel: [    1.428914] IP idents hash table entries: 131072 (order: 8, 1048576 bytes, linear)
Nov 17 09:48:51 debian kernel: [    1.430382] tcp_listen_portaddr_hash hash table entries: 4096 (order: 4, 65536 bytes, linear)
Nov 17 09:48:51 debian kernel: [    1.430417] TCP established hash table entries: 65536 (order: 7, 524288 bytes, linear)
Nov 17 09:48:51 debian kernel: [    1.435293] TCP bind hash table entries: 65536 (order: 8, 1048576 bytes, linear)
Nov 17 09:48:51 debian kernel: [    1.435356] TCP: Hash tables configured (established 65536 bind 65536)
Nov 17 09:48:51 debian kernel: [    1.435927] UDP hash table entries: 4096 (order: 5, 131072 bytes, linear)
Nov 17 09:48:51 debian kernel: [    1.435946] UDP-Lite hash table entries: 4096 (order: 5, 131072 bytes, linear)
Nov 17 09:48:51 debian kernel: [    1.436596] NET: Registered protocol family 1
Nov 17 09:48:51 debian kernel: [    1.436604] NET: Registered protocol family 44
Nov 17 09:48:51 debian kernel: [    1.436621] pci 0000:00:15.3: bridge window [io  0x1000-0x0fff] to [bus 06] add_size 1000
Nov 17 09:48:51 debian kernel: [    1.436623] pci 0000:00:15.4: bridge window [io  0x1000-0x0fff] to [bus 07] add_size 1000
Nov 17 09:48:51 debian kernel: [    1.436624] pci 0000:00:15.5: bridge window [io  0x1000-0x0fff] to [bus 08] add_size 1000
Nov 17 09:48:51 debian kernel: [    1.436625] pci 0000:00:15.6: bridge window [io  0x1000-0x0fff] to [bus 09] add_size 1000
Nov 17 09:48:51 debian kernel: [    1.436626] pci 0000:00:15.7: bridge window [io  0x1000-0x0fff] to [bus 0a] add_size 1000
Nov 17 09:48:51 debian kernel: [    1.436627] pci 0000:00:16.3: bridge window [io  0x1000-0x0fff] to [bus 0e] add_size 1000
Nov 17 09:48:51 debian kernel: [    1.436628] pci 0000:00:16.4: bridge window [io  0x1000-0x0fff] to [bus 0f] add_size 1000
Nov 17 09:48:51 debian kernel: [    1.436629] pci 0000:00:16.5: bridge window [io  0x1000-0x0fff] to [bus 10] add_size 1000
Nov 17 09:48:51 debian kernel: [    1.436629] pci 0000:00:16.6: bridge window [io  0x1000-0x0fff] to [bus 11] add_size 1000
Nov 17 09:48:51 debian kernel: [    1.436630] pci 0000:00:16.7: bridge window [io  0x1000-0x0fff] to [bus 12] add_size 1000
Nov 17 09:48:51 debian kernel: [    1.436632] pci 0000:00:17.3: bridge window [io  0x1000-0x0fff] to [bus 16] add_size 1000
Nov 17 09:48:51 debian kernel: [    1.436633] pci 0000:00:17.4: bridge window [io  0x1000-0x0fff] to [bus 17] add_size 1000
Nov 17 09:48:51 debian kernel: [    1.436634] pci 0000:00:17.5: bridge window [io  0x1000-0x0fff] to [bus 18] add_size 1000
Nov 17 09:48:51 debian kernel: [    1.436634] pci 0000:00:17.6: bridge window [io  0x1000-0x0fff] to [bus 19] add_size 1000
Nov 17 09:48:51 debian kernel: [    1.436635] pci 0000:00:17.7: bridge window [io  0x1000-0x0fff] to [bus 1a] add_size 1000
Nov 17 09:48:51 debian kernel: [    1.436636] pci 0000:00:18.2: bridge window [io  0x1000-0x0fff] to [bus 1d] add_size 1000
Nov 17 09:48:51 debian kernel: [    1.436637] pci 0000:00:18.3: bridge window [io  0x1000-0x0fff] to [bus 1e] add_size 1000
Nov 17 09:48:51 debian kernel: [    1.436638] pci 0000:00:18.4: bridge window [io  0x1000-0x0fff] to [bus 1f] add_size 1000
Nov 17 09:48:51 debian kernel: [    1.436639] pci 0000:00:18.5: bridge window [io  0x1000-0x0fff] to [bus 20] add_size 1000
Nov 17 09:48:51 debian kernel: [    1.436640] pci 0000:00:18.6: bridge window [io  0x1000-0x0fff] to [bus 21] add_size 1000
Nov 17 09:48:51 debian kernel: [    1.436641] pci 0000:00:18.7: bridge window [io  0x1000-0x0fff] to [bus 22] add_size 1000
Nov 17 09:48:51 debian kernel: [    1.436652] pci 0000:00:0f.0: BAR 6: assigned [mem 0xc0000000-0xc0007fff pref]
Nov 17 09:48:51 debian kernel: [    1.436654] pci 0000:00:10.0: BAR 6: assigned [mem 0xc0008000-0xc000bfff pref]
Nov 17 09:48:51 debian kernel: [    1.436656] pci 0000:00:15.3: BAR 13: no space for [io  size 0x1000]
Nov 17 09:48:51 debian kernel: [    1.436657] pci 0000:00:15.3: BAR 13: failed to assign [io  size 0x1000]
Nov 17 09:48:51 debian kernel: [    1.436658] pci 0000:00:15.4: BAR 13: no space for [io  size 0x1000]
Nov 17 09:48:51 debian kernel: [    1.436659] pci 0000:00:15.4: BAR 13: failed to assign [io  size 0x1000]
Nov 17 09:48:51 debian kernel: [    1.436660] pci 0000:00:15.5: BAR 13: no space for [io  size 0x1000]
Nov 17 09:48:51 debian kernel: [    1.436660] pci 0000:00:15.5: BAR 13: failed to assign [io  size 0x1000]
Nov 17 09:48:51 debian kernel: [    1.436661] pci 0000:00:15.6: BAR 13: no space for [io  size 0x1000]
Nov 17 09:48:51 debian kernel: [    1.436662] pci 0000:00:15.6: BAR 13: failed to assign [io  size 0x1000]
Nov 17 09:48:51 debian kernel: [    1.436663] pci 0000:00:15.7: BAR 13: no space for [io  size 0x1000]
Nov 17 09:48:51 debian kernel: [    1.436663] pci 0000:00:15.7: BAR 13: failed to assign [io  size 0x1000]
Nov 17 09:48:51 debian kernel: [    1.436664] pci 0000:00:16.3: BAR 13: no space for [io  size 0x1000]
Nov 17 09:48:51 debian kernel: [    1.436665] pci 0000:00:16.3: BAR 13: failed to assign [io  size 0x1000]
Nov 17 09:48:51 debian kernel: [    1.436666] pci 0000:00:16.4: BAR 13: no space for [io  size 0x1000]
Nov 17 09:48:51 debian kernel: [    1.436666] pci 0000:00:16.4: BAR 13: failed to assign [io  size 0x1000]
Nov 17 09:48:51 debian kernel: [    1.436667] pci 0000:00:16.5: BAR 13: no space for [io  size 0x1000]
Nov 17 09:48:51 debian kernel: [    1.436668] pci 0000:00:16.5: BAR 13: failed to assign [io  size 0x1000]
Nov 17 09:48:51 debian kernel: [    1.436669] pci 0000:00:16.6: BAR 13: no space for [io  size 0x1000]
Nov 17 09:48:51 debian kernel: [    1.436669] pci 0000:00:16.6: BAR 13: failed to assign [io  size 0x1000]
Nov 17 09:48:51 debian kernel: [    1.436670] pci 0000:00:16.7: BAR 13: no space for [io  size 0x1000]
Nov 17 09:48:51 debian kernel: [    1.436671] pci 0000:00:16.7: BAR 13: failed to assign [io  size 0x1000]
Nov 17 09:48:51 debian kernel: [    1.436672] pci 0000:00:17.3: BAR 13: no space for [io  size 0x1000]
Nov 17 09:48:51 debian kernel: [    1.436672] pci 0000:00:17.3: BAR 13: failed to assign [io  size 0x1000]
Nov 17 09:48:51 debian kernel: [    1.436673] pci 0000:00:17.4: BAR 13: no space for [io  size 0x1000]
Nov 17 09:48:51 debian kernel: [    1.436674] pci 0000:00:17.4: BAR 13: failed to assign [io  size 0x1000]
Nov 17 09:48:51 debian kernel: [    1.436675] pci 0000:00:17.5: BAR 13: no space for [io  size 0x1000]
Nov 17 09:48:51 debian kernel: [    1.436675] pci 0000:00:17.5: BAR 13: failed to assign [io  size 0x1000]
Nov 17 09:48:51 debian kernel: [    1.436676] pci 0000:00:17.6: BAR 13: no space for [io  size 0x1000]
Nov 17 09:48:51 debian kernel: [    1.436677] pci 0000:00:17.6: BAR 13: failed to assign [io  size 0x1000]
Nov 17 09:48:51 debian kernel: [    1.436678] pci 0000:00:17.7: BAR 13: no space for [io  size 0x1000]
Nov 17 09:48:51 debian kernel: [    1.436678] pci 0000:00:17.7: BAR 13: failed to assign [io  size 0x1000]
Nov 17 09:48:51 debian kernel: [    1.436679] pci 0000:00:18.2: BAR 13: no space for [io  size 0x1000]
Nov 17 09:48:51 debian kernel: [    1.436680] pci 0000:00:18.2: BAR 13: failed to assign [io  size 0x1000]
Nov 17 09:48:51 debian kernel: [    1.436681] pci 0000:00:18.3: BAR 13: no space for [io  size 0x1000]
Nov 17 09:48:51 debian kernel: [    1.436681] pci 0000:00:18.3: BAR 13: failed to assign [io  size 0x1000]
Nov 17 09:48:51 debian kernel: [    1.436682] pci 0000:00:18.4: BAR 13: no space for [io  size 0x1000]
Nov 17 09:48:51 debian kernel: [    1.436683] pci 0000:00:18.4: BAR 13: failed to assign [io  size 0x1000]
Nov 17 09:48:51 debian kernel: [    1.436684] pci 0000:00:18.5: BAR 13: no space for [io  size 0x1000]
Nov 17 09:48:51 debian kernel: [    1.436684] pci 0000:00:18.5: BAR 13: failed to assign [io  size 0x1000]
Nov 17 09:48:51 debian kernel: [    1.436685] pci 0000:00:18.6: BAR 13: no space for [io  size 0x1000]
Nov 17 09:48:51 debian kernel: [    1.436686] pci 0000:00:18.6: BAR 13: failed to assign [io  size 0x1000]
Nov 17 09:48:51 debian kernel: [    1.436686] pci 0000:00:18.7: BAR 13: no space for [io  size 0x1000]
Nov 17 09:48:51 debian kernel: [    1.436687] pci 0000:00:18.7: BAR 13: failed to assign [io  size 0x1000]
Nov 17 09:48:51 debian kernel: [    1.436690] pci 0000:00:18.7: BAR 13: no space for [io  size 0x1000]
Nov 17 09:48:51 debian kernel: [    1.436690] pci 0000:00:18.7: BAR 13: failed to assign [io  size 0x1000]
Nov 17 09:48:51 debian kernel: [    1.436691] pci 0000:00:18.6: BAR 13: no space for [io  size 0x1000]
Nov 17 09:48:51 debian kernel: [    1.436692] pci 0000:00:18.6: BAR 13: failed to assign [io  size 0x1000]
Nov 17 09:48:51 debian kernel: [    1.436693] pci 0000:00:18.5: BAR 13: no space for [io  size 0x1000]
Nov 17 09:48:51 debian kernel: [    1.436693] pci 0000:00:18.5: BAR 13: failed to assign [io  size 0x1000]
Nov 17 09:48:51 debian kernel: [    1.436694] pci 0000:00:18.4: BAR 13: no space for [io  size 0x1000]
Nov 17 09:48:51 debian kernel: [    1.436695] pci 0000:00:18.4: BAR 13: failed to assign [io  size 0x1000]
Nov 17 09:48:51 debian kernel: [    1.436696] pci 0000:00:18.3: BAR 13: no space for [io  size 0x1000]
Nov 17 09:48:51 debian kernel: [    1.436696] pci 0000:00:18.3: BAR 13: failed to assign [io  size 0x1000]
Nov 17 09:48:51 debian kernel: [    1.436697] pci 0000:00:18.2: BAR 13: no space for [io  size 0x1000]
Nov 17 09:48:51 debian kernel: [    1.436698] pci 0000:00:18.2: BAR 13: failed to assign [io  size 0x1000]
Nov 17 09:48:51 debian kernel: [    1.436699] pci 0000:00:17.7: BAR 13: no space for [io  size 0x1000]
Nov 17 09:48:51 debian kernel: [    1.436699] pci 0000:00:17.7: BAR 13: failed to assign [io  size 0x1000]
Nov 17 09:48:51 debian kernel: [    1.436700] pci 0000:00:17.6: BAR 13: no space for [io  size 0x1000]
Nov 17 09:48:51 debian kernel: [    1.436701] pci 0000:00:17.6: BAR 13: failed to assign [io  size 0x1000]
Nov 17 09:48:51 debian kernel: [    1.436702] pci 0000:00:17.5: BAR 13: no space for [io  size 0x1000]
Nov 17 09:48:51 debian kernel: [    1.436702] pci 0000:00:17.5: BAR 13: failed to assign [io  size 0x1000]
Nov 17 09:48:51 debian kernel: [    1.436703] pci 0000:00:17.4: BAR 13: no space for [io  size 0x1000]
Nov 17 09:48:51 debian kernel: [    1.436704] pci 0000:00:17.4: BAR 13: failed to assign [io  size 0x1000]
Nov 17 09:48:51 debian kernel: [    1.436705] pci 0000:00:17.3: BAR 13: no space for [io  size 0x1000]
Nov 17 09:48:51 debian kernel: [    1.436705] pci 0000:00:17.3: BAR 13: failed to assign [io  size 0x1000]
Nov 17 09:48:51 debian kernel: [    1.436706] pci 0000:00:16.7: BAR 13: no space for [io  size 0x1000]
Nov 17 09:48:51 debian kernel: [    1.436707] pci 0000:00:16.7: BAR 13: failed to assign [io  size 0x1000]
Nov 17 09:48:51 debian kernel: [    1.436708] pci 0000:00:16.6: BAR 13: no space for [io  size 0x1000]
Nov 17 09:48:51 debian kernel: [    1.436708] pci 0000:00:16.6: BAR 13: failed to assign [io  size 0x1000]
Nov 17 09:48:51 debian kernel: [    1.436709] pci 0000:00:16.5: BAR 13: no space for [io  size 0x1000]
Nov 17 09:48:51 debian kernel: [    1.436710] pci 0000:00:16.5: BAR 13: failed to assign [io  size 0x1000]
Nov 17 09:48:51 debian kernel: [    1.436711] pci 0000:00:16.4: BAR 13: no space for [io  size 0x1000]
Nov 17 09:48:51 debian kernel: [    1.436711] pci 0000:00:16.4: BAR 13: failed to assign [io  size 0x1000]
Nov 17 09:48:51 debian kernel: [    1.436712] pci 0000:00:16.3: BAR 13: no space for [io  size 0x1000]
Nov 17 09:48:51 debian kernel: [    1.436713] pci 0000:00:16.3: BAR 13: failed to assign [io  size 0x1000]
Nov 17 09:48:51 debian kernel: [    1.436714] pci 0000:00:15.7: BAR 13: no space for [io  size 0x1000]
Nov 17 09:48:51 debian kernel: [    1.436714] pci 0000:00:15.7: BAR 13: failed to assign [io  size 0x1000]
Nov 17 09:48:51 debian kernel: [    1.436715] pci 0000:00:15.6: BAR 13: no space for [io  size 0x1000]
Nov 17 09:48:51 debian kernel: [    1.436716] pci 0000:00:15.6: BAR 13: failed to assign [io  size 0x1000]
Nov 17 09:48:51 debian kernel: [    1.436717] pci 0000:00:15.5: BAR 13: no space for [io  size 0x1000]
Nov 17 09:48:51 debian kernel: [    1.436717] pci 0000:00:15.5: BAR 13: failed to assign [io  size 0x1000]
Nov 17 09:48:51 debian kernel: [    1.436718] pci 0000:00:15.4: BAR 13: no space for [io  size 0x1000]
Nov 17 09:48:51 debian kernel: [    1.436719] pci 0000:00:15.4: BAR 13: failed to assign [io  size 0x1000]
Nov 17 09:48:51 debian kernel: [    1.436720] pci 0000:00:15.3: BAR 13: no space for [io  size 0x1000]
Nov 17 09:48:51 debian kernel: [    1.436720] pci 0000:00:15.3: BAR 13: failed to assign [io  size 0x1000]
Nov 17 09:48:51 debian kernel: [    1.436722] pci 0000:00:01.0: PCI bridge to [bus 01]
Nov 17 09:48:51 debian kernel: [    1.436886] pci 0000:02:01.0: BAR 6: assigned [mem 0xfd500000-0xfd50ffff pref]
Nov 17 09:48:51 debian kernel: [    1.436888] pci 0000:00:11.0: PCI bridge to [bus 02]
Nov 17 09:48:51 debian kernel: [    1.436910] pci 0000:00:11.0:   bridge window [io  0x2000-0x3fff]
Nov 17 09:48:51 debian kernel: [    1.436964] pci 0000:00:11.0:   bridge window [mem 0xfd500000-0xfdffffff]
Nov 17 09:48:51 debian kernel: [    1.436999] pci 0000:00:11.0:   bridge window [mem 0xe7b00000-0xe7ffffff 64bit pref]
Nov 17 09:48:51 debian kernel: [    1.437155] pci 0000:00:15.0: PCI bridge to [bus 03]
Nov 17 09:48:51 debian kernel: [    1.437176] pci 0000:00:15.0:   bridge window [io  0x4000-0x4fff]
Nov 17 09:48:51 debian kernel: [    1.437230] pci 0000:00:15.0:   bridge window [mem 0xfd400000-0xfd4fffff]
Nov 17 09:48:51 debian kernel: [    1.437267] pci 0000:00:15.0:   bridge window [mem 0xe7a00000-0xe7afffff 64bit pref]
Nov 17 09:48:51 debian kernel: [    1.437367] pci 0000:00:15.1: PCI bridge to [bus 04]
Nov 17 09:48:51 debian kernel: [    1.437389] pci 0000:00:15.1:   bridge window [io  0x8000-0x8fff]
Nov 17 09:48:51 debian kernel: [    1.437443] pci 0000:00:15.1:   bridge window [mem 0xfd000000-0xfd0fffff]
Nov 17 09:48:51 debian kernel: [    1.437480] pci 0000:00:15.1:   bridge window [mem 0xe7600000-0xe76fffff 64bit pref]
Nov 17 09:48:51 debian kernel: [    1.437590] pci 0000:00:15.2: PCI bridge to [bus 05]
Nov 17 09:48:51 debian kernel: [    1.437612] pci 0000:00:15.2:   bridge window [io  0xc000-0xcfff]
Nov 17 09:48:51 debian kernel: [    1.437623] pci 0000:00:15.2:   bridge window [mem 0xfcc00000-0xfccfffff]
Nov 17 09:48:51 debian kernel: [    1.437623] pci 0000:00:15.2:   bridge window [mem 0xe7200000-0xe72fffff 64bit pref]
Nov 17 09:48:51 debian kernel: [    1.437865] pci 0000:00:15.3: PCI bridge to [bus 06]
Nov 17 09:48:51 debian kernel: [    1.437920] pci 0000:00:15.3:   bridge window [mem 0xfc800000-0xfc8fffff]
Nov 17 09:48:51 debian kernel: [    1.437957] pci 0000:00:15.3:   bridge window [mem 0xe6e00000-0xe6efffff 64bit pref]
Nov 17 09:48:51 debian kernel: [    1.438061] pci 0000:00:15.4: PCI bridge to [bus 07]
Nov 17 09:48:51 debian kernel: [    1.438141] pci 0000:00:15.4:   bridge window [mem 0xfc400000-0xfc4fffff]
Nov 17 09:48:51 debian kernel: [    1.438177] pci 0000:00:15.4:   bridge window [mem 0xe6a00000-0xe6afffff 64bit pref]
Nov 17 09:48:51 debian kernel: [    1.438261] pci 0000:00:15.5: PCI bridge to [bus 08]
Nov 17 09:48:51 debian kernel: [    1.438314] pci 0000:00:15.5:   bridge window [mem 0xfc000000-0xfc0fffff]
Nov 17 09:48:51 debian kernel: [    1.438350] pci 0000:00:15.5:   bridge window [mem 0xe6600000-0xe66fffff 64bit pref]
Nov 17 09:48:51 debian kernel: [    1.438432] pci 0000:00:15.6: PCI bridge to [bus 09]
Nov 17 09:48:51 debian kernel: [    1.438486] pci 0000:00:15.6:   bridge window [mem 0xfbc00000-0xfbcfffff]
Nov 17 09:48:51 debian kernel: [    1.438529] pci 0000:00:15.6:   bridge window [mem 0xe6200000-0xe62fffff 64bit pref]
Nov 17 09:48:51 debian kernel: [    1.438664] pci 0000:00:15.7: PCI bridge to [bus 0a]
Nov 17 09:48:51 debian kernel: [    1.438717] pci 0000:00:15.7:   bridge window [mem 0xfb800000-0xfb8fffff]
Nov 17 09:48:51 debian kernel: [    1.438754] pci 0000:00:15.7:   bridge window [mem 0xe5e00000-0xe5efffff 64bit pref]
Nov 17 09:48:51 debian kernel: [    1.438835] pci 0000:00:16.0: PCI bridge to [bus 0b]
Nov 17 09:48:51 debian kernel: [    1.438856] pci 0000:00:16.0:   bridge window [io  0x5000-0x5fff]
Nov 17 09:48:51 debian kernel: [    1.438910] pci 0000:00:16.0:   bridge window [mem 0xfd300000-0xfd3fffff]
Nov 17 09:48:51 debian kernel: [    1.438946] pci 0000:00:16.0:   bridge window [mem 0xe7900000-0xe79fffff 64bit pref]
Nov 17 09:48:51 debian kernel: [    1.439066] pci 0000:00:16.1: PCI bridge to [bus 0c]
Nov 17 09:48:51 debian kernel: [    1.439112] pci 0000:00:16.1:   bridge window [io  0x9000-0x9fff]
Nov 17 09:48:51 debian kernel: [    1.439166] pci 0000:00:16.1:   bridge window [mem 0xfcf00000-0xfcffffff]
Nov 17 09:48:51 debian kernel: [    1.439201] pci 0000:00:16.1:   bridge window [mem 0xe7500000-0xe75fffff 64bit pref]
Nov 17 09:48:51 debian kernel: [    1.439283] pci 0000:00:16.2: PCI bridge to [bus 0d]
Nov 17 09:48:51 debian kernel: [    1.439305] pci 0000:00:16.2:   bridge window [io  0xd000-0xdfff]
Nov 17 09:48:51 debian kernel: [    1.439359] pci 0000:00:16.2:   bridge window [mem 0xfcb00000-0xfcbfffff]
Nov 17 09:48:51 debian kernel: [    1.439394] pci 0000:00:16.2:   bridge window [mem 0xe7100000-0xe71fffff 64bit pref]
Nov 17 09:48:51 debian kernel: [    1.439476] pci 0000:00:16.3: PCI bridge to [bus 0e]
Nov 17 09:48:51 debian kernel: [    1.439604] pci 0000:00:16.3:   bridge window [mem 0xfc700000-0xfc7fffff]
Nov 17 09:48:51 debian kernel: [    1.439640] pci 0000:00:16.3:   bridge window [mem 0xe6d00000-0xe6dfffff 64bit pref]
Nov 17 09:48:51 debian kernel: [    1.439723] pci 0000:00:16.4: PCI bridge to [bus 0f]
Nov 17 09:48:51 debian kernel: [    1.439777] pci 0000:00:16.4:   bridge window [mem 0xfc300000-0xfc3fffff]
Nov 17 09:48:51 debian kernel: [    1.439813] pci 0000:00:16.4:   bridge window [mem 0xe6900000-0xe69fffff 64bit pref]
Nov 17 09:48:51 debian kernel: [    1.439895] pci 0000:00:16.5: PCI bridge to [bus 10]
Nov 17 09:48:51 debian kernel: [    1.439948] pci 0000:00:16.5:   bridge window [mem 0xfbf00000-0xfbffffff]
Nov 17 09:48:51 debian kernel: [    1.439984] pci 0000:00:16.5:   bridge window [mem 0xe6500000-0xe65fffff 64bit pref]
Nov 17 09:48:51 debian kernel: [    1.440135] pci 0000:00:16.6: PCI bridge to [bus 11]
Nov 17 09:48:51 debian kernel: [    1.440189] pci 0000:00:16.6:   bridge window [mem 0xfbb00000-0xfbbfffff]
Nov 17 09:48:51 debian kernel: [    1.440225] pci 0000:00:16.6:   bridge window [mem 0xe6100000-0xe61fffff 64bit pref]
Nov 17 09:48:51 debian kernel: [    1.440307] pci 0000:00:16.7: PCI bridge to [bus 12]
Nov 17 09:48:51 debian kernel: [    1.440360] pci 0000:00:16.7:   bridge window [mem 0xfb700000-0xfb7fffff]
Nov 17 09:48:51 debian kernel: [    1.440396] pci 0000:00:16.7:   bridge window [mem 0xe5d00000-0xe5dfffff 64bit pref]
Nov 17 09:48:51 debian kernel: [    1.440478] pci 0000:00:17.0: PCI bridge to [bus 13]
Nov 17 09:48:51 debian kernel: [    1.440499] pci 0000:00:17.0:   bridge window [io  0x6000-0x6fff]
Nov 17 09:48:51 debian kernel: [    1.440627] pci 0000:00:17.0:   bridge window [mem 0xfd200000-0xfd2fffff]
Nov 17 09:48:51 debian kernel: [    1.440663] pci 0000:00:17.0:   bridge window [mem 0xe7800000-0xe78fffff 64bit pref]
Nov 17 09:48:51 debian kernel: [    1.440746] pci 0000:00:17.1: PCI bridge to [bus 14]
Nov 17 09:48:51 debian kernel: [    1.440767] pci 0000:00:17.1:   bridge window [io  0xa000-0xafff]
Nov 17 09:48:51 debian kernel: [    1.440821] pci 0000:00:17.1:   bridge window [mem 0xfce00000-0xfcefffff]
Nov 17 09:48:51 debian kernel: [    1.440857] pci 0000:00:17.1:   bridge window [mem 0xe7400000-0xe74fffff 64bit pref]
Nov 17 09:48:51 debian kernel: [    1.440939] pci 0000:00:17.2: PCI bridge to [bus 15]
Nov 17 09:48:51 debian kernel: [    1.440961] pci 0000:00:17.2:   bridge window [io  0xe000-0xefff]
Nov 17 09:48:51 debian kernel: [    1.441015] pci 0000:00:17.2:   bridge window [mem 0xfca00000-0xfcafffff]
Nov 17 09:48:51 debian kernel: [    1.441121] pci 0000:00:17.2:   bridge window [mem 0xe7000000-0xe70fffff 64bit pref]
Nov 17 09:48:51 debian kernel: [    1.441203] pci 0000:00:17.3: PCI bridge to [bus 16]
Nov 17 09:48:51 debian kernel: [    1.441256] pci 0000:00:17.3:   bridge window [mem 0xfc600000-0xfc6fffff]
Nov 17 09:48:51 debian kernel: [    1.441291] pci 0000:00:17.3:   bridge window [mem 0xe6c00000-0xe6cfffff 64bit pref]
Nov 17 09:48:51 debian kernel: [    1.441372] pci 0000:00:17.4: PCI bridge to [bus 17]
Nov 17 09:48:51 debian kernel: [    1.441426] pci 0000:00:17.4:   bridge window [mem 0xfc200000-0xfc2fffff]
Nov 17 09:48:51 debian kernel: [    1.441461] pci 0000:00:17.4:   bridge window [mem 0xe6800000-0xe68fffff 64bit pref]
Nov 17 09:48:51 debian kernel: [    1.441614] pci 0000:00:17.5: PCI bridge to [bus 18]
Nov 17 09:48:51 debian kernel: [    1.441668] pci 0000:00:17.5:   bridge window [mem 0xfbe00000-0xfbefffff]
Nov 17 09:48:51 debian kernel: [    1.441704] pci 0000:00:17.5:   bridge window [mem 0xe6400000-0xe64fffff 64bit pref]
Nov 17 09:48:51 debian kernel: [    1.441784] pci 0000:00:17.6: PCI bridge to [bus 19]
Nov 17 09:48:51 debian kernel: [    1.441784] pci 0000:00:17.6:   bridge window [mem 0xfba00000-0xfbafffff]
Nov 17 09:48:51 debian kernel: [    1.441784] pci 0000:00:17.6:   bridge window [mem 0xe6000000-0xe60fffff 64bit pref]
Nov 17 09:48:51 debian kernel: [    1.441784] pci 0000:00:17.7: PCI bridge to [bus 1a]
Nov 17 09:48:51 debian kernel: [    1.441784] pci 0000:00:17.7:   bridge window [mem 0xfb600000-0xfb6fffff]
Nov 17 09:48:51 debian kernel: [    1.441784] pci 0000:00:17.7:   bridge window [mem 0xe5c00000-0xe5cfffff 64bit pref]
Nov 17 09:48:51 debian kernel: [    1.441784] pci 0000:00:18.0: PCI bridge to [bus 1b]
